Component: ARM Compiler 5.06 update 5 (build 528) Tool: armlink [4d35e2]

==============================================================================

Section Cross References

    main.o(i.hardware_init) refers to usart.o(i.uart_init) for uart_init
    main.o(i.hardware_init) refers to usart.o(i.uart3_init) for uart3_init
    main.o(i.hardware_init) refers to led.o(i.LED_Init) for LED_Init
    main.o(i.hardware_init) refers to oled.o(i.OLED_Init) for OLED_Init
    main.o(i.hardware_init) refers to servo.o(i.Servo_Init) for Servo_Init
    main.o(i.hardware_init) refers to sr04.o(i.sr04_init) for sr04_init
    main.o(i.hardware_init) refers to at24c02.o(i.eeprom_init) for eeprom_init
    main.o(i.hardware_init) refers to syn6288.o(i.syn6288_init) for syn6288_init
    main.o(i.main) refers to misc.o(i.NVIC_PriorityGroupConfig) for NVIC_PriorityGroupConfig
    main.o(i.main) refers to tasks.o(i.xTaskCreate) for xTaskCreate
    main.o(i.main) refers to tasks.o(i.vTaskStartScheduler) for vTaskStartScheduler
    main.o(i.main) refers to main.o(.data) for .data
    main.o(i.main) refers to main.o(i.task_start) for task_start
    main.o(i.parse_num_from_str) refers to atoi.o(.text) for atoi
    main.o(i.parse_num_from_str) refers to strtok.o(.text) for strtok
    main.o(i.task_eeprom) refers to tasks.o(i.vTaskDelay) for vTaskDelay
    main.o(i.task_oled) refers to queue.o(i.xQueueSemaphoreTake) for xQueueSemaphoreTake
    main.o(i.task_oled) refers to oled.o(i.oled_show_string_fmt) for oled_show_string_fmt
    main.o(i.task_oled) refers to queue.o(i.xQueueGenericSend) for xQueueGenericSend
    main.o(i.task_oled) refers to tasks.o(i.vTaskDelay) for vTaskDelay
    main.o(i.task_oled) refers to main.o(.data) for .data
    main.o(i.task_servo) refers to servo.o(i.Servo_SetAngle1) for Servo_SetAngle1
    main.o(i.task_servo) refers to servo.o(i.Servo_SetAngle2) for Servo_SetAngle2
    main.o(i.task_servo) refers to servo.o(i.Servo_SetAngle3) for Servo_SetAngle3
    main.o(i.task_servo) refers to tasks.o(i.vTaskDelay) for vTaskDelay
    main.o(i.task_servo) refers to main.o(.data) for .data
    main.o(i.task_sr04) refers to _printf_percent.o(.ARM.Collect$$_printf_percent$$00000000) for _printf_percent
    main.o(i.task_sr04) refers to _printf_d.o(.ARM.Collect$$_printf_percent$$00000009) for _printf_d
    main.o(i.task_sr04) refers to _printf_dec.o(.text) for _printf_int_dec
    main.o(i.task_sr04) refers to tasks.o(i.vTaskDelay) for vTaskDelay
    main.o(i.task_sr04) refers to sr04.o(i.get_distance) for get_distance
    main.o(i.task_sr04) refers to __2printf.o(.text) for __2printf
    main.o(i.task_sr04) refers to queue.o(i.xQueueSemaphoreTake) for xQueueSemaphoreTake
    main.o(i.task_sr04) refers to queue.o(i.xQueueGenericSend) for xQueueGenericSend
    main.o(i.task_sr04) refers to main.o(.data) for .data
    main.o(i.task_start) refers to main.o(i.hardware_init) for hardware_init
    main.o(i.task_start) refers to queue.o(i.xQueueCreateMutex) for xQueueCreateMutex
    main.o(i.task_start) refers to queue.o(i.xQueueGenericCreate) for xQueueGenericCreate
    main.o(i.task_start) refers to oled.o(i.OLED_Clear) for OLED_Clear
    main.o(i.task_start) refers to oled.o(i.OLED_DrawBMP) for OLED_DrawBMP
    main.o(i.task_start) refers to oled.o(i.oled_fill) for oled_fill
    main.o(i.task_start) refers to tasks.o(i.vTaskDelay) for vTaskDelay
    main.o(i.task_start) refers to tasks.o(i.xTaskCreate) for xTaskCreate
    main.o(i.task_start) refers to tasks.o(i.vTaskDelete) for vTaskDelete
    main.o(i.task_start) refers to main.o(.data) for .data
    main.o(i.task_start) refers to main.o(.constdata) for .constdata
    main.o(i.task_start) refers to main.o(i.task_oled) for task_oled
    main.o(i.task_start) refers to main.o(i.task_usart) for task_usart
    main.o(i.task_start) refers to main.o(i.task_servo) for task_servo
    main.o(i.task_start) refers to main.o(i.task_sr04) for task_sr04
    main.o(i.task_start) refers to main.o(i.task_eeprom) for task_eeprom
    main.o(i.task_usart) refers to _printf_percent.o(.ARM.Collect$$_printf_percent$$00000000) for _printf_percent
    main.o(i.task_usart) refers to _printf_d.o(.ARM.Collect$$_printf_percent$$00000009) for _printf_d
    main.o(i.task_usart) refers to _printf_dec.o(.text) for _printf_int_dec
    main.o(i.task_usart) refers to _printf_c.o(.ARM.Collect$$_printf_percent$$00000013) for _printf_c
    main.o(i.task_usart) refers to _printf_str.o(.text) for _printf_str
    main.o(i.task_usart) refers to rt_memclr_w.o(.text) for __aeabi_memclr4
    main.o(i.task_usart) refers to queue.o(i.xQueueReceive) for xQueueReceive
    main.o(i.task_usart) refers to queue.o(i.xQueueSemaphoreTake) for xQueueSemaphoreTake
    main.o(i.task_usart) refers to __2printf.o(.text) for __2printf
    main.o(i.task_usart) refers to queue.o(i.xQueueGenericSend) for xQueueGenericSend
[...]
    __rt_lib_init_fp_1                       0x080002cf   Thumb Code     0  libinit2.o(.ARM.Collect$$libinit$$00000001)
    __rt_lib_init_heap_1                     0x080002d3   Thumb Code     0  libinit2.o(.ARM.Collect$$libinit$$0000000A)
    __rt_lib_init_lc_common                  0x080002d3   Thumb Code     0  libinit2.o(.ARM.Collect$$libinit$$0000000F)
    __rt_lib_init_preinit_1                  0x080002d3   Thumb Code     0  libinit2.o(.ARM.Collect$$libinit$$00000004)
    __rt_lib_init_rand_1                     0x080002d3   Thumb Code     0  libinit2.o(.ARM.Collect$$libinit$$0000000E)
    __rt_lib_init_user_alloc_1               0x080002d3   Thumb Code     0  libinit2.o(.ARM.Collect$$libinit$$0000000C)
    __rt_lib_init_lc_collate_1               0x080002d9   Thumb Code     0  libinit2.o(.ARM.Collect$$libinit$$00000011)
    __rt_lib_init_lc_ctype_2                 0x080002d9   Thumb Code     0  libinit2.o(.ARM.Collect$$libinit$$00000012)
    __rt_lib_init_lc_ctype_1                 0x080002e5   Thumb Code     0  libinit2.o(.ARM.Collect$$libinit$$00000013)
    __rt_lib_init_lc_monetary_1              0x080002e5   Thumb Code     0  libinit2.o(.ARM.Collect$$libinit$$00000015)
    __rt_lib_init_lc_numeric_2               0x080002e5   Thumb Code     0  libinit2.o(.ARM.Collect$$libinit$$00000016)
    __rt_lib_init_alloca_1                   0x080002ef   Thumb Code     0  libinit2.o(.ARM.Collect$$libinit$$0000002E)
    __rt_lib_init_argv_1                     0x080002ef   Thumb Code     0  libinit2.o(.ARM.Collect$$libinit$$0000002C)
    __rt_lib_init_atexit_1                   0x080002ef   Thumb Code     0  libinit2.o(.ARM.Collect$$libinit$$0000001B)
    __rt_lib_init_clock_1                    0x080002ef   Thumb Code     0  libinit2.o(.ARM.Collect$$libinit$$00000021)
    __rt_lib_init_cpp_1                      0x080002ef   Thumb Code     0  libinit2.o(.ARM.Collect$$libinit$$00000032)
    __rt_lib_init_exceptions_1               0x080002ef   Thumb Code     0  libinit2.o(.ARM.Collect$$libinit$$00000030)
    __rt_lib_init_fp_trap_1                  0x080002ef   Thumb Code     0  libinit2.o(.ARM.Collect$$libinit$$0000001F)
    __rt_lib_init_getenv_1                   0x080002ef   Thumb Code     0  libinit2.o(.ARM.Collect$$libinit$$00000023)
    __rt_lib_init_lc_numeric_1               0x080002ef   Thumb Code     0  libinit2.o(.ARM.Collect$$libinit$$00000017)
    __rt_lib_init_lc_time_1                  0x080002ef   Thumb Code     0  libinit2.o(.ARM.Collect$$libinit$$00000019)
    __rt_lib_init_return                     0x080002ef   Thumb Code     0  libinit2.o(.ARM.Collect$$libinit$$00000033)
    __rt_lib_init_signal_1                   0x080002ef   Thumb Code     0  libinit2.o(.ARM.Collect$$libinit$$0000001D)
    __rt_lib_init_stdio_1                    0x080002ef   Thumb Code     0  libinit2.o(.ARM.Collect$$libinit$$00000025)
    __rt_lib_shutdown                        0x080002f1   Thumb Code     0  libshutdown.o(.ARM.Collect$$libshutdown$$00000000)
    __rt_lib_shutdown_cpp_1                  0x080002f3   Thumb Code     0  libshutdown2.o(.ARM.Collect$$libshutdown$$00000002)
    __rt_lib_shutdown_fp_trap_1              0x080002f3   Thumb Code     0  libshutdown2.o(.ARM.Collect$$libshutdown$$00000007)
    __rt_lib_shutdown_heap_1                 0x080002f3   Thumb Code     0  libshutdown2.o(.ARM.Collect$$libshutdown$$0000000F)
    __rt_lib_shutdown_return                 0x080002f3   Thumb Code     0  libshutdown2.o(.ARM.Collect$$libshutdown$$00000010)
    __rt_lib_shutdown_signal_1               0x080002f3   Thumb Code     0  libshutdown2.o(.ARM.Collect$$libshutdown$$0000000A)
    __rt_lib_shutdown_stdio_1                0x080002f3   Thumb Code     0  libshutdown2.o(.ARM.Collect$$libshutdown$$00000004)
    __rt_lib_shutdown_user_alloc_1           0x080002f3   Thumb Code     0  libshutdown2.o(.ARM.Collect$$libshutdown$$0000000C)
    __rt_entry                               0x080002f5   Thumb Code     0  __rtentry.o(.ARM.Collect$$rtentry$$00000000)
    __rt_entry_presh_1                       0x080002f5   Thumb Code     0  __rtentry2.o(.ARM.Collect$$rtentry$$00000002)
    __rt_entry_sh                            0x080002f5   Thumb Code     0  __rtentry4.o(.ARM.Collect$$rtentry$$00000004)
    __rt_entry_li                            0x080002fb   Thumb Code     0  __rtentry2.o(.ARM.Collect$$rtentry$$0000000A)
    __rt_entry_postsh_1                      0x080002fb   Thumb Code     0  __rtentry2.o(.ARM.Collect$$rtentry$$00000009)
    __rt_entry_main                          0x080002ff   Thumb Code     0  __rtentry2.o(.ARM.Collect$$rtentry$$0000000D)
    __rt_entry_postli_1                      0x080002ff   Thumb Code     0  __rtentry2.o(.ARM.Collect$$rtentry$$0000000C)
    __rt_exit                                0x08000307   Thumb Code     0  rtexit.o(.ARM.Collect$$rtexit$$00000000)
    __rt_exit_ls                             0x08000309   Thumb Code     0  rtexit2.o(.ARM.Collect$$rtexit$$00000003)
    __rt_exit_prels_1                        0x08000309   Thumb Code     0  rtexit2.o(.ARM.Collect$$rtexit$$00000002)
    __rt_exit_exit                           0x0800030d   Thumb Code     0  rtexit2.o(.ARM.Collect$$rtexit$$00000004)
    SVC_Handler                              0x08000315   Thumb Code    28  port.o(.emb_text)
    __asm___6_port_c_39a90d8d__prvStartFirstTask 0x08000335   Thumb Code    36  port.o(.emb_text)
    __asm___6_port_c_39a90d8d__prvEnableVFP  0x0800035d   Thumb Code    16  port.o(.emb_text)
    PendSV_Handler                           0x08000371   Thumb Code    88  port.o(.emb_text)
    vPortGetIPSR                             0x080003cd   Thumb Code     6  port.o(.emb_text)
    Reset_Handler                            0x080003d5   Thumb Code     8  startup_stm32f40_41xxx.o(.text)
    ADC_IRQHandler                           0x080003ef   Thumb Code     0  startup_stm32f40_41xxx.o(.text)
    CAN1_RX0_IRQHandler                      0x080003ef   Thumb Code     0  startup_stm32f40_41xxx.o(.text)
    CAN1_RX1_IRQHandler                      0x080003ef   Thumb Code     0  startup_stm32f40_41xxx.o(.text)
    CAN1_SCE_IRQHandler                      0x080003ef   Thumb Code     0  startup_stm32f40_41xxx.o(.text)
    CAN1_TX_IRQHandler                       0x080003ef   Thumb Code     0  startup_stm32f40_41xxx.o(.text)
    CAN2_RX0_IRQHandler                      0x080003ef   Thumb Code     0  startup_stm32f40_41xxx.o(.text)
    CAN2_RX1_IRQHandler                      0x080003ef   Thumb Code     0  startup_stm32f40_41xxx.o(.text)
    CAN2_SCE_IRQHandler                      0x080003ef   Thumb Code     0  startup_stm32f40_41xxx.o(.text)
    CAN2_TX_IRQHandler                       0x080003ef   Thumb Code     0  startup_stm32f40_41xxx.o(.text)
    CRYP_IRQHandler                          0x080003ef   Thumb Code     0  startup_stm32f40_41xxx.o(.text)
    DCMI_IRQHandler                          0x080003ef   Thumb Code     0  startup_stm32f40_41xxx.o(.text)
    DMA1_Stream0_IRQHandler                  0x080003ef   Thumb Code     0  startup_stm32f40_41xxx.o(.text)
    DMA1_Stream1_IRQHandler                  0x080003ef   Thumb Code     0  startup_stm32f40_41xxx.o(.text)
    DMA1_Stream2_IRQHandler                  0x080003ef   Thumb Code     0  startup_stm32f40_41xxx.o(.text)
    DMA1_Stream3_IRQHandler                  0x080003ef   Thumb Code     0  startup_stm32f40_41xxx.o(.text)
    DMA1_Stream4_IRQHandler                  0x080003ef   Thumb Code     0  startup_stm32f40_41xxx.o(.text)
    DMA1_Stream5_IRQHandler                  0x080003ef   Thumb Code     0  startup_stm32f40_41xxx.o(.text)
    DMA1_Stream6_IRQHandler                  0x080003ef   Thumb Code     0  startup_stm32f40_41xxx.o(.text)
    DMA1_Stream7_IRQHandler                  0x080003ef   Thumb Code     0  startup_stm32f40_41xxx.o(.text)
    DMA2_Stream0_IRQHandler                  0x080003ef   Thumb Code     0  startup_stm32f40_41xxx.o(.text)
    DMA2_Stream1_IRQHandler                  0x080003ef   Thumb Code     0  startup_stm32f40_41xxx.o(.text)
    DMA2_Stream2_IRQHandler                  0x080003ef   Thumb Code     0  startup_stm32f40_41xxx.o(.text)
    DMA2_Stream3_IRQHandler                  0x080003ef   Thumb Code     0  startup_stm32f40_41xxx.o(.text)
    DMA2_Stream4_IRQHandler                  0x080003ef   Thumb Code     0  startup_stm32f40_41xxx.o(.text)
    DMA2_Stream5_IRQHandler                  0x080003ef   Thumb Code     0  startup_stm32f40_41xxx.o(.text)
    DMA2_Stream6_IRQHandler                  0x080003ef   Thumb Code     0  startup_stm32f40_41xxx.o(.text)
    DMA2_Stream7_IRQHandler                  0x080003ef   Thumb Code     0  startup_stm32f40_41xxx.o(.text)
    ETH_IRQHandler                           0x080003ef   Thumb Code     0  startup_stm32f40_41xxx.o(.text)
    ETH_WKUP_IRQHandler                      0x080003ef   Thumb Code     0  startup_stm32f40_41xxx.o(.text)
    EXTI0_IRQHandler                         0x080003ef   Thumb Code     0  startup_stm32f40_41xxx.o(.text)
    EXTI15_10_IRQHandler                     0x080003ef   Thumb Code     0  startup_stm32f40_41xxx.o(.text)
    EXTI1_IRQHandler                         0x080003ef   Thumb Code     0  startup_stm32f40_41xxx.o(.text)
    EXTI2_IRQHandler                         0x080003ef   Thumb Code     0  startup_stm32f40_41xxx.o(.text)
    EXTI3_IRQHandler                         0x080003ef   Thumb Code     0  startup_stm32f40_41xxx.o(.text)
    EXTI4_IRQHandler                         0x080003ef   Thumb Code     0  startup_stm32f40_41xxx.o(.text)
    EXTI9_5_IRQHandler                       0x080003ef   Thumb Code     0  startup_stm32f40_41xxx.o(.text)
    FLASH_IRQHandler                         0x080003ef   Thumb Code     0  startup_stm32f40_41xxx.o(.text)
    FPU_IRQHandler                           0x080003ef   Thumb Code     0  startup_stm32f40_41xxx.o(.text)
    FSMC_IRQHandler                          0x080003ef   Thumb Code     0  startup_stm32f40_41xxx.o(.text)
    HASH_RNG_IRQHandler                      0x080003ef   Thumb Code     0  startup_stm32f40_41xxx.o(.text)
    I2C1_ER_IRQHandler                       0x080003ef   Thumb Code     0  startup_stm32f40_41xxx.o(.text)
    I2C1_EV_IRQHandler                       0x080003ef   Thumb Code     0  startup_stm32f40_41xxx.o(.text)
    I2C2_ER_IRQHandler                       0x080003ef   Thumb Code     0  startup_stm32f40_41xxx.o(.text)
    I2C2_EV_IRQHandler                       0x080003ef   Thumb Code     0  startup_stm32f40_41xxx.o(.text)
    I2C3_ER_IRQHandler                       0x080003ef   Thumb Code     0  startup_stm32f40_41xxx.o(.text)
    I2C3_EV_IRQHandler                       0x080003ef   Thumb Code     0  startup_stm32f40_41xxx.o(.text)
    OTG_FS_IRQHandler                        0x080003ef   Thumb Code     0  startup_stm32f40_41xxx.o(.text)
    OTG_FS_WKUP_IRQHandler                   0x080003ef   Thumb Code     0  startup_stm32f40_41xxx.o(.text)
    OTG_HS_EP1_IN_IRQHandler                 0x080003ef   Thumb Code     0  startup_stm32f40_41xxx.o(.text)
    OTG_HS_EP1_OUT_IRQHandler                0x080003ef   Thumb Code     0  startup_stm32f40_41xxx.o(.text)
    OTG_HS_IRQHandler                        0x080003ef   Thumb Code     0  startup_stm32f40_41xxx.o(.text)
    OTG_HS_WKUP_IRQHandler                   0x080003ef   Thumb Code     0  startup_stm32f40_41xxx.o(.text)
    PVD_IRQHandler                           0x080003ef   Thumb Code     0  startup_stm32f40_41xxx.o(.text)
    RCC_IRQHandler                           0x080003ef   Thumb Code     0  startup_stm32f40_41xxx.o(.text)
    RTC_Alarm_IRQHandler                     0x080003ef   Thumb Code     0  startup_stm32f40_41xxx.o(.text)
    RTC_WKUP_IRQHandler                      0x080003ef   Thumb Code     0  startup_stm32f40_41xxx.o(.text)
    SDIO_IRQHandler                          0x080003ef   Thumb Code     0  startup_stm32f40_41xxx.o(.text)
    SPI1_IRQHandler                          0x080003ef   Thumb Code     0  startup_stm32f40_41xxx.o(.text)
    SPI2_IRQHandler                          0x080003ef   Thumb Code     0  startup_stm32f40_41xxx.o(.text)
    SPI3_IRQHandler                          0x080003ef   Thumb Code     0  startup_stm32f40_41xxx.o(.text)
    TAMP_STAMP_IRQHandler                    0x080003ef   Thumb Code     0  startup_stm32f40_41xxx.o(.text)
    TIM1_BRK_TIM9_IRQHandler                 0x080003ef   Thumb Code     0  startup_stm32f40_41xxx.o(.text)
    TIM1_CC_IRQHandler                       0x080003ef   Thumb Code     0  startup_stm32f40_41xxx.o(.text)
    TIM1_TRG_COM_TIM11_IRQHandler            0x080003ef   Thumb Code     0  startup_stm32f40_41xxx.o(.text)
    TIM1_UP_TIM10_IRQHandler                 0x080003ef   Thumb Code     0  startup_stm32f40_41xxx.o(.text)
    TIM2_IRQHandler                          0x080003ef   Thumb Code     0  startup_stm32f40_41xxx.o(.text)
    TIM3_IRQHandler                          0x080003ef   Thumb Code     0  startup_stm32f40_41xxx.o(.text)
    TIM4_IRQHandler                          0x080003ef   Thumb Code     0  startup_stm32f40_41xxx.o(.text)
    TIM5_IRQHandler                          0x080003ef   Thumb Code     0  startup_stm32f40_41xxx.o(.text)
    TIM6_DAC_IRQHandler                      0x080003ef   Thumb Code     0  startup_stm32f40_41xxx.o(.text)
    TIM7_IRQHandler                          0x080003ef   Thumb Code     0  startup_stm32f40_41xxx.o(.text)
    TIM8_BRK_TIM12_IRQHandler                0x080003ef   Thumb Code     0  startup_stm32f40_41xxx.o(.text)
    TIM8_CC_IRQHandler                       0x080003ef   Thumb Code     0  startup_stm32f40_41xxx.o(.text)
    TIM8_TRG_COM_TIM14_IRQHandler            0x080003ef   Thumb Code     0  startup_stm32f40_41xxx.o(.text)
    TIM8_UP_TIM13_IRQHandler                 0x080003ef   Thumb Code     0  startup_stm32f40_41xxx.o(.text)
    UART4_IRQHandler                         0x080003ef   Thumb Code     0  startup_stm32f40_41xxx.o(.text)
    UART5_IRQHandler                         0x080003ef   Thumb Code     0  startup_stm32f40_41xxx.o(.text)
    USART2_IRQHandler                        0x080003ef   Thumb Code     0  startup_stm32f40_41xxx.o(.text)
    USART6_IRQHandler                        0x080003ef   Thumb Code     0  startup_stm32f40_41xxx.o(.text)
    WWDG_IRQHandler                          0x080003ef   Thumb Code     0  startup_stm32f40_41xxx.o(.text)
    __user_initial_stackheap                 0x080003f1   Thumb Code     0  startup_stm32f40_41xxx.o(.text)
    __use_no_semihosting                     0x08000415   Thumb Code     2  use_no_semi_2.o(.text)
    __c89vsprintf                            0x08000419   Thumb Code    32  c89vsprintf.o(.text)
    __2printf                                0x0800043d   Thumb Code    20  __2printf.o(.text)
    _printf_str                              0x08000455   Thumb Code    82  _printf_str.o(.text)
    _printf_int_dec                          0x080004a9   Thumb Code   104  _printf_dec.o(.text)
    __printf                                 0x08000521   Thumb Code   388  __printf_flags_ss_wp.o(.text)
    atoi                                     0x080006a9   Thumb Code    26  atoi.o(.text)
    strtok                                   0x080006c5   Thumb Code     6  strtok.o(.text)
    strchr                                   0x080006d1   Thumb Code    20  strchr.o(.text)
    strlen                                   0x080006e5   Thumb Code    62  strlen.o(.text)
    strncmp                                  0x08000723   Thumb Code   150  strncmp.o(.text)
    __aeabi_memcpy                           0x080007b9   Thumb Code     0  rt_memcpy_v6.o(.text)
    __rt_memcpy                              0x080007b9   Thumb Code   138  rt_memcpy_v6.o(.text)
    _memcpy_lastbytes                        0x0800081f   Thumb Code     0  rt_memcpy_v6.o(.text)
    __aeabi_memset                           0x08000843   Thumb Code    16  aeabi_memset.o(.text)
    __aeabi_memclr                           0x08000853   Thumb Code     0  rt_memclr.o(.text)
    __rt_memclr                              0x08000853   Thumb Code    68  rt_memclr.o(.text)
    _memset                                  0x08000857   Thumb Code     0  rt_memclr.o(.text)
    __aeabi_memclr4                          0x08000897   Thumb Code     0  rt_memclr_w.o(.text)
    __aeabi_memclr8                          0x08000897   Thumb Code     0  rt_memclr_w.o(.text)
    __rt_memclr_w                            0x08000897   Thumb Code    78  rt_memclr_w.o(.text)
    _memset_w                                0x0800089b   Thumb Code     0  rt_memclr_w.o(.text)
    __use_two_region_memory                  0x080008e5   Thumb Code     2  heapauxi.o(.text)
    __rt_heap_escrow$2region                 0x080008e7   Thumb Code     2  heapauxi.o(.text)
    __rt_heap_expand$2region                 0x080008e9   Thumb Code     2  heapauxi.o(.text)
    __I$use$semihosting                      0x080008eb   Thumb Code     0  use_no_semi.o(.text)
    __use_no_semihosting_swi                 0x080008eb   Thumb Code     2  use_no_semi.o(.text)
    __aeabi_errno_addr                       0x080008ed   Thumb Code     8  rt_errno_addr_intlibspace.o(.text)
    __errno$intlibspace                      0x080008ed   Thumb Code     0  rt_errno_addr_intlibspace.o(.text)
    __rt_errno_addr$intlibspace              0x080008ed   Thumb Code     0  rt_errno_addr_intlibspace.o(.text)
    _printf_pre_padding                      0x080008f5   Thumb Code    44  _printf_pad.o(.text)
    _printf_post_padding                     0x08000921   Thumb Code    34  _printf_pad.o(.text)
    _printf_truncate_signed                  0x08000943   Thumb Code    18  _printf_truncate.o(.text)
    _printf_truncate_unsigned                0x08000955   Thumb Code    18  _printf_truncate.o(.text)
    _printf_int_common                       0x08000967   Thumb Code   178  _printf_intcommon.o(.text)
    _printf_charcount                        0x08000a19   Thumb Code    40  _printf_charcount.o(.text)
    _printf_char_common                      0x08000a4b   Thumb Code    32  _printf_char_common.o(.text)
    _sputc                                   0x08000a71   Thumb Code    10  _sputc.o(.text)
    _printf_cs_common                        0x08000a7b   Thumb Code    20  _printf_char.o(.text)
    _printf_char                             0x08000a8f   Thumb Code    16  _printf_char.o(.text)
    _printf_string                           0x08000a9f   Thumb Code     8  _printf_char.o(.text)
    _printf_char_file                        0x08000aa9   Thumb Code    32  _printf_char_file.o(.text)
    _printf_wctomb                           0x08000acd   Thumb Code   182  _printf_wctomb.o(.text)
    _printf_longlong_dec                     0x08000b89   Thumb Code   108  _printf_longlong_dec.o(.text)
    _printf_longlong_oct                     0x08000c05   Thumb Code    66  _printf_oct_int_ll.o(.text)
    _printf_int_oct                          0x08000c47   Thumb Code    24  _printf_oct_int_ll.o(.text)
    _printf_ll_oct                           0x08000c5f   Thumb Code    12  _printf_oct_int_ll.o(.text)
    _printf_longlong_hex                     0x08000c75   Thumb Code    86  _printf_hex_int_ll_ptr.o(.text)
    _printf_int_hex                          0x08000ccb   Thumb Code    28  _printf_hex_int_ll_ptr.o(.text)
    _printf_ll_hex                           0x08000ce7   Thumb Code    12  _printf_hex_int_ll_ptr.o(.text)
    _printf_hex_ptr                          0x08000cf3   Thumb Code    18  _printf_hex_int_ll_ptr.o(.text)
    strtol                                   0x08000d09   Thumb Code   112  strtol.o(.text)
    __strtok_internal                        0x08000d79   Thumb Code    64  strtok_int.o(.text)
    __aeabi_memcpy4                          0x08000dbd   Thumb Code     0  rt_memcpy_w.o(.text)
    __aeabi_memcpy8                          0x08000dbd   Thumb Code     0  rt_memcpy_w.o(.text)
    __rt_memcpy_w                            0x08000dbd   Thumb Code   100  rt_memcpy_w.o(.text)
    _memcpy_lastbytes_aligned                0x08000e05   Thumb Code     0  rt_memcpy_w.o(.text)
    __user_libspace                          0x08000e21   Thumb Code     8  libspace.o(.text)
    __user_perproc_libspace                  0x08000e21   Thumb Code     0  libspace.o(.text)
    __user_perthread_libspace                0x08000e21   Thumb Code     0  libspace.o(.text)
    __rt_ctype_table                         0x08000e29   Thumb Code    16  rt_ctype_table.o(.text)
    _ll_udiv10                               0x08000e39   Thumb Code   138  lludiv10.o(.text)
    __lib_sel_fp_printf                      0x08000ec3   Thumb Code     2  _printf_fp_dec.o(.text)
    _printf_fp_dec_real                      0x08001075   Thumb Code   620  _printf_fp_dec.o(.text)
    _printf_lcs_common                       0x080012e1   Thumb Code    20  _printf_wchar.o(.text)
    _printf_wchar                            0x080012f5   Thumb Code    16  _printf_wchar.o(.text)
    _printf_wstring                          0x08001305   Thumb Code     8  _printf_wchar.o(.text)
    _strtoul                                 0x0800130d   Thumb Code   158  _strtoul.o(.text)
    ferror                                   0x080013ab   Thumb Code     8  ferror.o(.text)
    _wcrtomb                                 0x080013b3   Thumb Code    64  _wcrtomb.o(.text)
    strcspn                                  0x080013f3   Thumb Code    32  strcspn.o(.text)
    strspn                                   0x08001413   Thumb Code    28  strspn.o(.text)
    __user_setup_stackheap                   0x0800142f   Thumb Code    74  sys_stackheap_outer.o(.text)
    __rt_locale                              0x08001479   Thumb Code     8  rt_locale_intlibspace.o(.text)
    _printf_fp_infnan                        0x08001481   Thumb Code   112  _printf_fp_infnan.o(.text)
    _chval                                   0x08001501   Thumb Code    28  _chval.o(.text)
    _btod_etento                             0x0800151d   Thumb Code   224  bigflt0.o(.text)
    exit                                     0x08001601   Thumb Code    18  exit.o(.text)
    strcmp                                   0x08001615   Thumb Code   128  strcmpv7m.o(.text)
    _btod_d2e                                0x08001695   Thumb Code    62  btod.o(CL$$btod_d2e)
    _d2e_denorm_low                          0x080016d3   Thumb Code    70  btod.o(CL$$btod_d2e_denorm_low)
    _d2e_norm_op1                            0x08001719   Thumb Code    96  btod.o(CL$$btod_d2e_norm_op1)
    __btod_div_common                        0x08001779   Thumb Code   696  btod.o(CL$$btod_div_common)
    _e2e                                     0x08001ab1   Thumb Code   220  btod.o(CL$$btod_e2e)
    _btod_ediv                               0x08001b8d   Thumb Code    42  btod.o(CL$$btod_ediv)
    _btod_emul                               0x08001bb7   Thumb Code    42  btod.o(CL$$btod_emul)
    __btod_mult_common                       0x08001be1   Thumb Code   580  btod.o(CL$$btod_mult_common)
    BusFault_Handler                         0x08001e25   Thumb Code     2  stm32f4xx_it.o(i.BusFault_Handler)
    DebugMon_Handler                         0x08001e27   Thumb Code     2  stm32f4xx_it.o(i.DebugMon_Handler)
    FindFontIndex                            0x08001e29   Thumb Code    48  oled.o(i.FindFontIndex)
    GPIO_Init                                0x08001e5d   Thumb Code   120  stm32f4xx_gpio.o(i.GPIO_Init)
    GPIO_PinAFConfig                         0x08001ed5   Thumb Code    32  stm32f4xx_gpio.o(i.GPIO_PinAFConfig)
    GPIO_SetBits                             0x08001ef5   Thumb Code     4  stm32f4xx_gpio.o(i.GPIO_SetBits)
    HardFault_Handler                        0x08001ef9   Thumb Code     2  stm32f4xx_it.o(i.HardFault_Handler)
    IIC_Start                                0x08001efd   Thumb Code    50  oled.o(i.IIC_Start)
    IIC_Stop                                 0x08001f39   Thumb Code    40  oled.o(i.IIC_Stop)
    IIC_Wait_Ack                             0x08001f69   Thumb Code    32  oled.o(i.IIC_Wait_Ack)
    LED_Init                                 0x08001f8d   Thumb Code    58  led.o(i.LED_Init)
    MemManage_Handler                        0x08001fcd   Thumb Code     2  stm32f4xx_it.o(i.MemManage_Handler)
    NMI_Handler                              0x08001fcf   Thumb Code     2  stm32f4xx_it.o(i.NMI_Handler)
    NVIC_Init                                0x08001fd1   Thumb Code    96  misc.o(i.NVIC_Init)
    NVIC_PriorityGroupConfig                 0x08002035   Thumb Code    10  misc.o(i.NVIC_PriorityGroupConfig)
    OLED_Clear                               0x08002049   Thumb Code    58  oled.o(i.OLED_Clear)
    OLED_DrawBMP                             0x08002083   Thumb Code    66  oled.o(i.OLED_DrawBMP)
    OLED_Init                                0x080020c5   Thumb Code   308  oled.o(i.OLED_Init)
    OLED_Set_Pos                             0x08002209   Thumb Code    42  oled.o(i.OLED_Set_Pos)
    OLED_ShowCHinese                         0x08002235   Thumb Code    70  oled.o(i.OLED_ShowCHinese)
    OLED_WR_Byte                             0x08002281   Thumb Code    12  oled.o(i.OLED_WR_Byte)
    RCC_AHB1PeriphClockCmd                   0x0800228d   Thumb Code    18  stm32f4xx_rcc.o(i.RCC_AHB1PeriphClockCmd)
    RCC_APB1PeriphClockCmd                   0x080022a5   Thumb Code    18  stm32f4xx_rcc.o(i.RCC_APB1PeriphClockCmd)
    RCC_APB2PeriphClockCmd                   0x080022bd   Thumb Code    18  stm32f4xx_rcc.o(i.RCC_APB2PeriphClockCmd)
    RCC_GetClocksFreq                        0x080022d5   Thumb Code   132  stm32f4xx_rcc.o(i.RCC_GetClocksFreq)
    Servo_Init                               0x08002365   Thumb Code   202  servo.o(i.Servo_Init)
    Servo_SetAngle1                          0x08002439   Thumb Code    32  servo.o(i.Servo_SetAngle1)
    Servo_SetAngle2                          0x0800245d   Thumb Code    32  servo.o(i.Servo_SetAngle2)
    Servo_SetAngle3                          0x08002481   Thumb Code    32  servo.o(i.Servo_SetAngle3)
    SysTick_Handler                          0x08002559   Thumb Code    38  port.o(i.SysTick_Handler)
    SystemInit                               0x08002585   Thumb Code    74  system_stm32f4xx.o(i.SystemInit)
    TIM_ARRPreloadConfig                     0x080025e1   Thumb Code    20  stm32f4xx_tim.o(i.TIM_ARRPreloadConfig)
    TIM_Cmd                                  0x080025f5   Thumb Code    20  stm32f4xx_tim.o(i.TIM_Cmd)
    TIM_OC2Init                              0x08002609   Thumb Code   120  stm32f4xx_tim.o(i.TIM_OC2Init)
    TIM_OC2PreloadConfig                     0x08002689   Thumb Code    20  stm32f4xx_tim.o(i.TIM_OC2PreloadConfig)
    TIM_OC3Init                              0x0800269d   Thumb Code   116  stm32f4xx_tim.o(i.TIM_OC3Init)
    TIM_OC3PreloadConfig                     0x08002719   Thumb Code    12  stm32f4xx_tim.o(i.TIM_OC3PreloadConfig)
    TIM_OC4Init                              0x08002725   Thumb Code    88  stm32f4xx_tim.o(i.TIM_OC4Init)
    TIM_OC4PreloadConfig                     0x08002785   Thumb Code    20  stm32f4xx_tim.o(i.TIM_OC4PreloadConfig)
    TIM_SetCompare2                          0x08002799   Thumb Code     4  stm32f4xx_tim.o(i.TIM_SetCompare2)
    TIM_SetCompare3                          0x0800279d   Thumb Code     4  stm32f4xx_tim.o(i.TIM_SetCompare3)
    TIM_SetCompare4                          0x080027a1   Thumb Code     4  stm32f4xx_tim.o(i.TIM_SetCompare4)
    TIM_TimeBaseInit                         0x080027a5   Thumb Code    96  stm32f4xx_tim.o(i.TIM_TimeBaseInit)
    USART1_IRQHandler                        0x08002821   Thumb Code   134  usart.o(i.USART1_IRQHandler)
    USART3_IRQHandler                        0x080028bd   Thumb Code   134  usart.o(i.USART3_IRQHandler)
    USART_ClearITPendingBit                  0x08002959   Thumb Code    12  stm32f4xx_usart.o(i.USART_ClearITPendingBit)
    USART_Cmd                                0x08002965   Thumb Code    20  stm32f4xx_usart.o(i.USART_Cmd)
    USART_GetFlagStatus                      0x08002979   Thumb Code    14  stm32f4xx_usart.o(i.USART_GetFlagStatus)
    USART_GetITStatus                        0x08002987   Thumb Code    62  stm32f4xx_usart.o(i.USART_GetITStatus)
    USART_ITConfig                           0x080029c5   Thumb Code    48  stm32f4xx_usart.o(i.USART_ITConfig)
    USART_Init                               0x080029f5   Thumb Code   164  stm32f4xx_usart.o(i.USART_Init)
    USART_ReceiveData                        0x08002aa1   Thumb Code     8  stm32f4xx_usart.o(i.USART_ReceiveData)
    USART_SendData                           0x08002aa9   Thumb Code     8  stm32f4xx_usart.o(i.USART_SendData)
    UsageFault_Handler                       0x08002ab1   Thumb Code     2  stm32f4xx_it.o(i.UsageFault_Handler)
    Write_IIC_Byte                           0x08002ab5   Thumb Code    86  oled.o(i.Write_IIC_Byte)
    Write_IIC_Command                        0x08002b15   Thumb Code    46  oled.o(i.Write_IIC_Command)
    Write_IIC_Data                           0x08002b43   Thumb Code    46  oled.o(i.Write_IIC_Data)
    __ARM_fpclassify                         0x08002b71   Thumb Code    48  fpclassify.o(i.__ARM_fpclassify)
    _is_digit                                0x08002ba1   Thumb Code    14  __printf_wp.o(i._is_digit)
    _sys_exit                                0x08002baf   Thumb Code     2  usart.o(i._sys_exit)
    delay_ms                                 0x08002bb1   Thumb Code     4  delay.o(i.delay_ms)
    delay_us                                 0x08002bb5   Thumb Code    72  delay.o(i.delay_us)
    eeprom_i2c_recv_byte                     0x08002c05   Thumb Code    66  at24c02.o(i.eeprom_i2c_recv_byte)
    eeprom_i2c_send_ack                      0x08002c4d   Thumb Code    74  at24c02.o(i.eeprom_i2c_send_ack)
    eeprom_i2c_send_byte                     0x08002c9d   Thumb Code    82  at24c02.o(i.eeprom_i2c_send_byte)
    eeprom_i2c_start                         0x08002cf5   Thumb Code    44  at24c02.o(i.eeprom_i2c_start)
    eeprom_i2c_stop                          0x08002d25   Thumb Code    44  at24c02.o(i.eeprom_i2c_stop)
    eeprom_i2c_wait_ack                      0x08002d55   Thumb Code    48  at24c02.o(i.eeprom_i2c_wait_ack)
    eeprom_init                              0x08002d89   Thumb Code    56  at24c02.o(i.eeprom_init)
    eeprom_page_write                        0x08002dc9   Thumb Code   108  at24c02.o(i.eeprom_page_write)
    eeprom_read                              0x08002e8d   Thumb Code   140  at24c02.o(i.eeprom_read)
    eeprom_sda_pin_mode                      0x08002f59   Thumb Code    38  at24c02.o(i.eeprom_sda_pin_mode)
    fputc                                    0x08002f85   Thumb Code    14  usart.o(i.fputc)
    get_distance                             0x08002f99   Thumb Code   106  sr04.o(i.get_distance)
    hardware_init                            0x0800300d   Thumb Code    46  main.o(i.hardware_init)
    main                                     0x0800303d   Thumb Code    38  main.o(i.main)
    oled_fill                                0x08003079   Thumb Code    36  oled.o(i.oled_fill)
    oled_show_string                         0x0800309d   Thumb Code    84  oled.o(i.oled_show_string)
    oled_show_string_fmt                     0x080030f1   Thumb Code    38  oled.o(i.oled_show_string_fmt)
    parse_num_from_str                       0x08003119   Thumb Code    46  main.o(i.parse_num_from_str)
    pvPortMalloc                             0x080038d1   Thumb Code   216  heap_4.o(i.pvPortMalloc)
    pvTaskIncrementMutexHeldCount            0x080039ad   Thumb Code    18  tasks.o(i.pvTaskIncrementMutexHeldCount)
    pxPortInitialiseStack                    0x080039c5   Thumb Code    40  port.o(i.pxPortInitialiseStack)
    sr04_init                                0x080039f1   Thumb Code    72  sr04.o(i.sr04_init)
    syn6288_init                             0x08003a45   Thumb Code     8  syn6288.o(i.syn6288_init)
    syn6288_speak_gbk                        0x08003a4d   Thumb Code   126  syn6288.o(i.syn6288_speak_gbk)
    task_start                               0x08003c31   Thumb Code   236  main.o(i.task_start)
    uart2_init                               0x080040ed   Thumb Code   122  usart.o(i.uart2_init)
    uart2_send_data                          0x08004171   Thumb Code    30  usart.o(i.uart2_send_data)
    uart3_init                               0x08004195   Thumb Code   178  usart.o(i.uart3_init)
    uart_init                                0x08004251   Thumb Code   178  usart.o(i.uart_init)
    uxListRemove                             0x0800430d   Thumb Code    38  list.o(i.uxListRemove)
    vApplicationIdleHook                     0x08004333   Thumb Code     2  main.o(i.vApplicationIdleHook)
    vApplicationMallocFailedHook             0x08004335   Thumb Code    16  main.o(i.vApplicationMallocFailedHook)
    vApplicationStackOverflowHook            0x08004345   Thumb Code    16  main.o(i.vApplicationStackOverflowHook)
    vApplicationTickHook                     0x08004355   Thumb Code     2  main.o(i.vApplicationTickHook)
    vListInitialise                          0x08004357   Thumb Code    22  list.o(i.vListInitialise)
    vListInitialiseItem                      0x0800436d   Thumb Code     6  list.o(i.vListInitialiseItem)
    vListInsert                              0x08004373   Thumb Code    48  list.o(i.vListInsert)
    vListInsertEnd                           0x080043a3   Thumb Code    24  list.o(i.vListInsertEnd)
    vPortEnterCritical                       0x080043bd   Thumb Code    54  port.o(i.vPortEnterCritical)
    vPortExitCritical                        0x080043fd   Thumb Code    34  port.o(i.vPortExitCritical)
    vPortFree                                0x08004425   Thumb Code    88  heap_4.o(i.vPortFree)
    vPortSetupTimerInterrupt                 0x08004481   Thumb Code    32  port.o(i.vPortSetupTimerInterrupt)
    vPortValidateInterruptPriority           0x080044a5   Thumb Code    74  port.o(i.vPortValidateInterruptPriority)
    vQueueAddToRegistry                      0x080044f9   Thumb Code    32  queue.o(i.vQueueAddToRegistry)
    vQueueWaitForMessageRestricted           0x0800451d   Thumb Code    68  queue.o(i.vQueueWaitForMessageRestricted)
    vTaskDelay                               0x08004561   Thumb Code    66  tasks.o(i.vTaskDelay)
    vTaskDelete                              0x080045ad   Thumb Code   156  tasks.o(i.vTaskDelete)
    vTaskInternalSetTimeOutState             0x08004659   Thumb Code    12  tasks.o(i.vTaskInternalSetTimeOutState)
    vTaskMissedYield                         0x08004669   Thumb Code     8  tasks.o(i.vTaskMissedYield)
    vTaskPlaceOnEventList                    0x08004675   Thumb Code    44  tasks.o(i.vTaskPlaceOnEventList)
    vTaskPlaceOnEventListRestricted          0x080046a5   Thumb Code    52  tasks.o(i.vTaskPlaceOnEventListRestricted)
    vTaskPriorityDisinheritAfterTimeout      0x080046dd   Thumb Code   162  tasks.o(i.vTaskPriorityDisinheritAfterTimeout)
    vTaskStartScheduler                      0x08004789   Thumb Code    94  tasks.o(i.vTaskStartScheduler)
    vTaskSuspendAll                          0x080047f9   Thumb Code    10  tasks.o(i.vTaskSuspendAll)
    vTaskSwitchContext                       0x08004809   Thumb Code   126  tasks.o(i.vTaskSwitchContext)
    xPortStartScheduler                      0x08004891   Thumb Code   224  port.o(i.xPortStartScheduler)
    xQueueCreateMutex                        0x08004985   Thumb Code    36  queue.o(i.xQueueCreateMutex)
    xQueueGenericCreate                      0x080049a9   Thumb Code    86  queue.o(i.xQueueGenericCreate)
    xQueueGenericReset                       0x08004a01   Thumb Code   132  queue.o(i.xQueueGenericReset)
    xQueueGenericSend                        0x08004a89   Thumb Code   368  queue.o(i.xQueueGenericSend)
    xQueueGenericSendFromISR                 0x08004bfd   Thumb Code   202  queue.o(i.xQueueGenericSendFromISR)
    xQueueReceive                            0x08004cc9   Thumb Code   308  queue.o(i.xQueueReceive)
    xQueueSemaphoreTake                      0x08004e01   Thumb Code   372  queue.o(i.xQueueSemaphoreTake)
    xTaskCheckForTimeOut                     0x08004f79   Thumb Code   112  tasks.o(i.xTaskCheckForTimeOut)
    xTaskCreate                              0x08004fed   Thumb Code    86  tasks.o(i.xTaskCreate)
    xTaskGetSchedulerState                   0x08005045   Thumb Code    22  tasks.o(i.xTaskGetSchedulerState)
    xTaskGetTickCount                        0x08005061   Thumb Code     6  tasks.o(i.xTaskGetTickCount)
    xTaskIncrementTick                       0x0800506d   Thumb Code   182  tasks.o(i.xTaskIncrementTick)
    xTaskPriorityDisinherit                  0x0800512d   Thumb Code   144  tasks.o(i.xTaskPriorityDisinherit)
    xTaskPriorityInherit                     0x080051c5   Thumb Code   140  tasks.o(i.xTaskPriorityInherit)
    xTaskRemoveFromEventList                 0x08005259   Thumb Code   108  tasks.o(i.xTaskRemoveFromEventList)
    xTaskResumeAll                           0x080052cd   Thumb Code   182  tasks.o(i.xTaskResumeAll)
    xTimerCreateTimerTask                    0x08005391   Thumb Code    58  timers.o(i.xTimerCreateTimerTask)
    xTimerGenericCommand                     0x080053dd   Thumb Code    94  timers.o(i.xTimerGenericCommand)
    _get_lc_ctype                            0x08005441   Thumb Code    44  lc_ctype_c.o(locale$$code)
    _get_lc_numeric                          0x0800546d   Thumb Code    44  lc_numeric_c.o(locale$$code)
    _fp_init                                 0x08005499   Thumb Code    10  fpinit.o(x$fpl$fpinit)
    __fplib_config_fpu_vfp                   0x080054a1   Thumb Code     0  fpinit.o(x$fpl$fpinit)
    __fplib_config_pureend_doubles           0x080054a1   Thumb Code     0  fpinit.o(x$fpl$fpinit)
    _printf_fp_dec                           0x080054a3   Thumb Code     4  printf1.o(x$fpl$printf1)
    __I$use$fp                               0x080054a6   Number         0  usenofp.o(x$fpl$usenofp)
    g_font_dot_matrix_16                     0x08005598   Data        4992  fontdotmatrix16.o(.constdata)
    g_image_dot_dog_frame_0_32x32            0x08006918   Data         128  dog_frame_0.o(.constdata)
    g_image_dot_dog_frame_1_32x32            0x08006998   Data         128  dog_frame_1.o(.constdata)
    g_image_dot_dog_frame_2_32x32            0x08006a18   Data         128  dog_frame_2.o(.constdata)
    g_image_dot_dog_frame_3_32x32            0x08006a98   Data         128  dog_frame_3.o(.constdata)
    g_image_dot_dog_frame_4_32x32            0x08006b18   Data         128  dog_frame_4.o(.constdata)
    g_image_dot_dog_frame_5_32x32            0x08006b98   Data         128  dog_frame_5.o(.constdata)
    g_image_dot_dog_frame_6_32x32            0x08006c18   Data         128  dog_frame_6.o(.constdata)
    g_image_dot_dog_frame_7_32x32            0x08006c98   Data         128  dog_frame_7.o(.constdata)
    g_image_dot_dog_frame_8_32x32            0x08006d18   Data         128  dog_frame_8.o(.constdata)
    g_image_dot_dog_frame_9_32x32            0x08006d98   Data         128  dog_frame_9.o(.constdata)
    g_image_dot_dog_frame_10_32x32           0x08006e18   Data         128  dog_frame_10.o(.constdata)
    g_image_dot_dog_frame_11_32x32           0x08006e98   Data         128  dog_frame_11.o(.constdata)
    Region$$Table$$Base                      0x080072ec   Number         0  anon$$obj.o(Region$$Table)
    Region$$Table$$Limit                     0x0800730c   Number         0  anon$$obj.o(Region$$Table)
    __ctype                                  0x08007319   Data           0  lc_ctype_c.o(locale$$data)
    g_servo1_angle                           0x20000000   Data           1  main.o(.data)
    g_servo2_angle                           0x20000001   Data           1  main.o(.data)
    g_servo3_angle                           0x20000002   Data           1  main.o(.data)
    g_sr04_enable                            0x20000003   Data           1  main.o(.data)
    StartTask_Handler                        0x20000008   Data           4  main.o(.data)
    ServoTask_Handler                        0x2000000c   Data           4  main.o(.data)
    UsartTask_Handler                        0x20000010   Data           4  main.o(.data)
    OledTask_Handler                         0x20000014   Data           4  main.o(.data)
    Sr04Task_Handler                         0x20000018   Data           4  main.o(.data)
    EepromTask_Handler                       0x2000001c   Data           4  main.o(.data)
    g_oled_mutex                             0x20000020   Data           4  main.o(.data)
    g_servo_angle_mutex                      0x20000024   Data           4  main.o(.data)
    g_eeprom_mutex                           0x20000028   Data           4  main.o(.data)
    g_usart_queue                            0x2000002c   Data           4  main.o(.data)
    eeprom_w_buf                             0x20000030   Data           8  main.o(.data)
    eeprom_r_buf                             0x20000038   Data           8  main.o(.data)
    SystemCoreClock                          0x20000040   Data           4  system_stm32f4xx.o(.data)
    AHBPrescTable                            0x20000044   Data          16  system_stm32f4xx.o(.data)
    __stdout                                 0x20000058   Data           4  usart.o(.data)
    pxCurrentTCB                             0x2000006c   Data           4  tasks.o(.data)
    g_font_dot_matrix_16_index               0x200000e0   Data         624  fontdotmatrix16.o(.data)
    xQueueRegistry                           0x20000394   Data          64  queue.o(.bss)
    __libspace_start                         0x20010528   Data          96  libspace.o(.bss)
    __temporary_stack_top$libspace           0x20010588   Data           0  libspace.o(.bss)



==============================================================================

Memory Map of the image

  Image Entry point : 0x08000189

  Load Region LR_IROM1 (Base: 0x08000000, Size: 0x0000778c, Max: 0x00080000, ABSOLUTE, COMPRESSED[0x00007628])

    Execution Region ER_IROM1 (Exec base: 0x08000000, Load base: 0x08000000, Size: 0x00007438, Max: 0x00080000, ABSOLUTE)

    Exec Addr    Load Addr    Size         Type   Attr      Idx    E Section Name        Object

    0x08000000   0x08000000   0x00000188   Data   RO         1246    RESET               startup_stm32f40_41xxx.o
    0x08000188   0x08000188   0x00000008   Code   RO         4544  * !!!main             c_w.l(__main.o)
    0x08000190   0x08000190   0x00000034   Code   RO         4852    !!!scatter          c_w.l(__scatter.o)
    0x080001c4   0x080001c4   0x0000005a   Code   RO         4850    !!dczerorl2         c_w.l(__dczerorl2.o)
    0x0800021e   0x0800021e   0x00000002   PAD
    0x08000220   0x08000220   0x0000001c   Code   RO         4854    !!handler_zi        c_w.l(__scatter_zi.o)
    0x0800023c   0x0800023c   0x00000000   Code   RO         4520    .ARM.Collect$$_printf_percent$$00000000  c_w.l(_printf_percent.o)
    0x0800023c   0x0800023c   0x00000006   Code   RO         4603    .ARM.Collect$$_printf_percent$$00000001  c_w.l(_printf_n.o)
    0x08000242   0x08000242   0x00000006   Code   RO         4605    .ARM.Collect$$_printf_percent$$00000002  c_w.l(_printf_p.o)
    0x08000248   0x08000248   0x00000006   Code   RO         4609    .ARM.Collect$$_printf_percent$$00000003  c_w.l(_printf_f.o)
    0x0800024e   0x0800024e   0x00000006   Code   RO         4610    .ARM.Collect$$_printf_percent$$00000004  c_w.l(_printf_e.o)
    0x08000254   0x08000254   0x00000006   Code   RO         4611    .ARM.Collect$$_printf_percent$$00000005  c_w.l(_printf_g.o)
    0x0800025a   0x0800025a   0x00000006   Code   RO         4612    .ARM.Collect$$_printf_percent$$00000006  c_w.l(_printf_a.o)
    0x08000260   0x08000260   0x0000000a   Code   RO         4617    .ARM.Collect$$_printf_percent$$00000007  c_w.l(_printf_ll.o)
    0x0800026a   0x0800026a   0x00000006   Code   RO         4607    .ARM.Collect$$_printf_percent$$00000008  c_w.l(_printf_i.o)
    0x08000270   0x08000270   0x00000006   Code   RO         4519    .ARM.Collect$$_printf_percent$$00000009  c_w.l(_printf_d.o)
    0x08000276   0x08000276   0x00000006   Code   RO         4608    .ARM.Collect$$_printf_percent$$0000000A  c_w.l(_printf_u.o)
    0x0800027c   0x0800027c   0x00000006   Code   RO         4606    .ARM.Collect$$_printf_percent$$0000000B  c_w.l(_printf_o.o)
    0x08000282   0x08000282   0x00000006   Code   RO         4604    .ARM.Collect$$_printf_percent$$0000000C  c_w.l(_printf_x.o)
    0x08000288   0x08000288   0x00000006   Code   RO         4614    .ARM.Collect$$_printf_percent$$0000000D  c_w.l(_printf_lli.o)
    0x0800028e   0x0800028e   0x00000006   Code   RO         4615    .ARM.Collect$$_printf_percent$$0000000E  c_w.l(_printf_lld.o)
    0x08000294   0x08000294   0x00000006   Code   RO         4616    .ARM.Collect$$_printf_percent$$0000000F  c_w.l(_printf_llu.o)
    0x0800029a   0x0800029a   0x00000006   Code   RO         4621    .ARM.Collect$$_printf_percent$$00000010  c_w.l(_printf_llo.o)
    0x080002a0   0x080002a0   0x00000006   Code   RO         4622    .ARM.Collect$$_printf_percent$$00000011  c_w.l(_printf_llx.o)
    0x080002a6   0x080002a6   0x0000000a   Code   RO         4618    .ARM.Collect$$_printf_percent$$00000012  c_w.l(_printf_l.o)
    0x080002b0   0x080002b0   0x00000006   Code   RO         4518    .ARM.Collect$$_printf_percent$$00000013  c_w.l(_printf_c.o)
    0x080002b6   0x080002b6   0x00000006   Code   RO         4602    .ARM.Collect$$_printf_percent$$00000014  c_w.l(_printf_s.o)
    0x080002bc   0x080002bc   0x00000006   Code   RO         4619    .ARM.Collect$$_printf_percent$$00000015  c_w.l(_printf_lc.o)
    0x080002c2   0x080002c2   0x00000006   Code   RO         4620    .ARM.Collect$$_printf_percent$$00000016  c_w.l(_printf_ls.o)
    0x080002c8   0x080002c8   0x00000004   Code   RO         4613    .ARM.Collect$$_printf_percent$$00000017  c_w.l(_printf_percent_end.o)
    0x080002cc   0x080002cc   0x00000002   Code   RO         4720    .ARM.Collect$$libinit$$00000000  c_w.l(libinit.o)
    0x080002ce   0x080002ce   0x00000004   Code   RO         4730    .ARM.Collect$$libinit$$00000001  c_w.l(libinit2.o)
    0x080002d2   0x080002d2   0x00000000   Code   RO         4733    .ARM.Collect$$libinit$$00000004  c_w.l(libinit2.o)
    0x080002d2   0x080002d2   0x00000000   Code   RO         4736    .ARM.Collect$$libinit$$0000000A  c_w.l(libinit2.o)
    0x080002d2   0x080002d2   0x00000000   Code   RO         4738    .ARM.Collect$$libinit$$0000000C  c_w.l(libinit2.o)
    0x080002d2   0x080002d2   0x00000000   Code   RO         4740    .ARM.Collect$$libinit$$0000000E  c_w.l(libinit2.o)
    0x080002d2   0x080002d2   0x00000006   Code   RO         4741    .ARM.Collect$$libinit$$0000000F  c_w.l(libinit2.o)
    0x080002d8   0x080002d8   0x00000000   Code   RO         4743    .ARM.Collect$$libinit$$00000011  c_w.l(libinit2.o)
    0x080002d8   0x080002d8   0x0000000c   Code   RO         4744    .ARM.Collect$$libinit$$00000012  c_w.l(libinit2.o)
    0x080002e4   0x080002e4   0x00000000   Code   RO         4745    .ARM.Collect$$libinit$$00000013  c_w.l(libinit2.o)
    0x080002e4   0x080002e4   0x00000000   Code   RO         4747    .ARM.Collect$$libinit$$00000015  c_w.l(libinit2.o)
    0x080002e4   0x080002e4   0x0000000a   Code   RO         4748    .ARM.Collect$$libinit$$00000016  c_w.l(libinit2.o)
    0x080002ee   0x080002ee   0x00000000   Code   RO         4749    .ARM.Collect$$libinit$$00000017  c_w.l(libinit2.o)
    0x080002ee   0x080002ee   0x00000000   Code   RO         4751    .ARM.Collect$$libinit$$00000019  c_w.l(libinit2.o)
    0x080002ee   0x080002ee   0x00000000   Code   RO         4753    .ARM.Collect$$libinit$$0000001B  c_w.l(libinit2.o)
    0x080002ee   0x080002ee   0x00000000   Code   RO         4755    .ARM.Collect$$libinit$$0000001D  c_w.l(libinit2.o)
    0x080002ee   0x080002ee   0x00000000   Code   RO         4757    .ARM.Collect$$libinit$$0000001F  c_w.l(libinit2.o)
    0x080002ee   0x080002ee   0x00000000   Code   RO         4759    .ARM.Collect$$libinit$$00000021  c_w.l(libinit2.o)
    0x080002ee   0x080002ee   0x00000000   Code   RO         4761    .ARM.Collect$$libinit$$00000023  c_w.l(libinit2.o)
    0x080002ee   0x080002ee   0x00000000   Code   RO         4763    .ARM.Collect$$libinit$$00000025  c_w.l(libinit2.o)
    0x080002ee   0x080002ee   0x00000000   Code   RO         4767    .ARM.Collect$$libinit$$0000002C  c_w.l(libinit2.o)
    0x080002ee   0x080002ee   0x00000000   Code   RO         4769    .ARM.Collect$$libinit$$0000002E  c_w.l(libinit2.o)
    0x080002ee   0x080002ee   0x00000000   Code   RO         4771    .ARM.Collect$$libinit$$00000030  c_w.l(libinit2.o)
    0x080002ee   0x080002ee   0x00000000   Code   RO         4773    .ARM.Collect$$libinit$$00000032  c_w.l(libinit2.o)
    0x080002ee   0x080002ee   0x00000002   Code   RO         4774    .ARM.Collect$$libinit$$00000033  c_w.l(libinit2.o)
    0x080002f0   0x080002f0   0x00000002   Code   RO         4792    .ARM.Collect$$libshutdown$$00000000  c_w.l(libshutdown.o)
    0x080002f2   0x080002f2   0x00000000   Code   RO         4802    .ARM.Collect$$libshutdown$$00000002  c_w.l(libshutdown2.o)
    0x080002f2   0x080002f2   0x00000000   Code   RO         4804    .ARM.Collect$$libshutdown$$00000004  c_w.l(libshutdown2.o)
    0x080002f2   0x080002f2   0x00000000   Code   RO         4807    .ARM.Collect$$libshutdown$$00000007  c_w.l(libshutdown2.o)
    0x080002f2   0x080002f2   0x00000000   Code   RO         4810    .ARM.Collect$$libshutdown$$0000000A  c_w.l(libshutdown2.o)
    0x080002f2   0x080002f2   0x00000000   Code   RO         4812    .ARM.Collect$$libshutdown$$0000000C  c_w.l(libshutdown2.o)
    0x080002f2   0x080002f2   0x00000000   Code   RO         4815    .ARM.Collect$$libshutdown$$0000000F  c_w.l(libshutdown2.o)
    0x080002f2   0x080002f2   0x00000002   Code   RO         4816    .ARM.Collect$$libshutdown$$00000010  c_w.l(libshutdown2.o)
    0x080002f4   0x080002f4   0x00000000   Code   RO         4548    .ARM.Collect$$rtentry$$00000000  c_w.l(__rtentry.o)
    0x080002f4   0x080002f4   0x00000000   Code   RO         4635    .ARM.Collect$$rtentry$$00000002  c_w.l(__rtentry2.o)
    0x080002f4   0x080002f4   0x00000006   Code   RO         4647    .ARM.Collect$$rtentry$$00000004  c_w.l(__rtentry4.o)
    0x080002fa   0x080002fa   0x00000000   Code   RO         4637    .ARM.Collect$$rtentry$$00000009  c_w.l(__rtentry2.o)
    0x080002fa   0x080002fa   0x00000004   Code   RO         4638    .ARM.Collect$$rtentry$$0000000A  c_w.l(__rtentry2.o)
    0x080002fe   0x080002fe   0x00000000   Code   RO         4640    .ARM.Collect$$rtentry$$0000000C  c_w.l(__rtentry2.o)
    0x080002fe   0x080002fe   0x00000008   Code   RO         4641    .ARM.Collect$$rtentry$$0000000D  c_w.l(__rtentry2.o)
    0x08000306   0x08000306   0x00000002   Code   RO         4726    .ARM.Collect$$rtexit$$00000000  c_w.l(rtexit.o)
    0x08000308   0x08000308   0x00000000   Code   RO         4776    .ARM.Collect$$rtexit$$00000002  c_w.l(rtexit2.o)
    0x08000308   0x08000308   0x00000004   Code   RO         4777    .ARM.Collect$$rtexit$$00000003  c_w.l(rtexit2.o)
    0x0800030c   0x0800030c   0x00000006   Code   RO         4778    .ARM.Collect$$rtexit$$00000004  c_w.l(rtexit2.o)
    0x08000312   0x08000312   0x00000002   PAD
    0x08000314   0x08000314   0x000000be   Code   RO         4312    .emb_text           port.o
    0x080003d2   0x080003d2   0x00000002   PAD
    0x080003d4   0x080003d4   0x00000040   Code   RO         1247    .text               startup_stm32f40_41xxx.o
    0x08000414   0x08000414   0x00000002   Code   RO         4484    .text               c_w.l(use_no_semi_2.o)
    0x08000416   0x08000416   0x00000002   PAD
    0x08000418   0x08000418   0x00000024   Code   RO         4486    .text               c_w.l(c89vsprintf.o)
    0x0800043c   0x0800043c   0x00000018   Code   RO         4488    .text               c_w.l(__2printf.o)
    0x08000454   0x08000454   0x00000052   Code   RO         4494    .text               c_w.l(_printf_str.o)
    0x080004a6   0x080004a6   0x00000002   PAD
    0x080004a8   0x080004a8   0x00000078   Code   RO         4496    .text               c_w.l(_printf_dec.o)
    0x08000520   0x08000520   0x00000188   Code   RO         4515    .text               c_w.l(__printf_flags_ss_wp.o)
    0x080006a8   0x080006a8   0x0000001a   Code   RO         4521    .text               c_w.l(atoi.o)
    0x080006c2   0x080006c2   0x00000002   PAD
    0x080006c4   0x080006c4   0x0000000c   Code   RO         4523    .text               c_w.l(strtok.o)
    0x080006d0   0x080006d0   0x00000014   Code   RO         4526    .text               c_w.l(strchr.o)
    0x080006e4   0x080006e4   0x0000003e   Code   RO         4528    .text               c_w.l(strlen.o)
    0x08000722   0x08000722   0x00000096   Code   RO         4530    .text               c_w.l(strncmp.o)
    0x080007b8   0x080007b8   0x0000008a   Code   RO         4532    .text               c_w.l(rt_memcpy_v6.o)
    0x08000842   0x08000842   0x00000010   Code   RO         4536    .text               c_w.l(aeabi_memset.o)
    0x08000852   0x08000852   0x00000044   Code   RO         4538    .text               c_w.l(rt_memclr.o)
    0x08000896   0x08000896   0x0000004e   Code   RO         4540    .text               c_w.l(rt_memclr_w.o)
    0x080008e4   0x080008e4   0x00000006   Code   RO         4542    .text               c_w.l(heapauxi.o)
    0x080008ea   0x080008ea   0x00000002   Code   RO         4546    .text               c_w.l(use_no_semi.o)
    0x080008ec   0x080008ec   0x00000008   Code   RO         4552    .text               c_w.l(rt_errno_addr_intlibspace.o)
    0x080008f4   0x080008f4   0x0000004e   Code   RO         4554    .text               c_w.l(_printf_pad.o)
    0x08000942   0x08000942   0x00000024   Code   RO         4556    .text               c_w.l(_printf_truncate.o)
    0x08000966   0x08000966   0x000000b2   Code   RO         4558    .text               c_w.l(_printf_intcommon.o)
    0x08000a18   0x08000a18   0x00000028   Code   RO         4560    .text               c_w.l(_printf_charcount.o)
    0x08000a40   0x08000a40   0x00000030   Code   RO         4562    .text               c_w.l(_printf_char_common.o)
    0x08000a70   0x08000a70   0x0000000a   Code   RO         4564    .text               c_w.l(_sputc.o)
    0x08000a7a   0x08000a7a   0x0000002c   Code   RO         4566    .text               c_w.l(_printf_char.o)
    0x08000aa6   0x08000aa6   0x00000002   PAD
    0x08000aa8   0x08000aa8   0x00000024   Code   RO         4568    .text               c_w.l(_printf_char_file.o)
    0x08000acc   0x08000acc   0x000000bc   Code   RO         4570    .text               c_w.l(_printf_wctomb.o)
    0x08000b88   0x08000b88   0x0000007c   Code   RO         4573    .text               c_w.l(_printf_longlong_dec.o)
    0x08000c04   0x08000c04   0x00000070   Code   RO         4579    .text               c_w.l(_printf_oct_int_ll.o)
    0x08000c74   0x08000c74   0x00000094   Code   RO         4599    .text               c_w.l(_printf_hex_int_ll_ptr.o)
    0x08000d08   0x08000d08   0x00000070   Code   RO         4623    .text               c_w.l(strtol.o)
    0x08000d78   0x08000d78   0x00000044   Code   RO         4625    .text               c_w.l(strtok_int.o)
    0x08000dbc   0x08000dbc   0x00000064   Code   RO         4627    .text               c_w.l(rt_memcpy_w.o)
    0x08000e20   0x08000e20   0x00000008   Code   RO         4631    .text               c_w.l(libspace.o)
    0x08000e28   0x08000e28   0x00000010   Code   RO         4649    .text               c_w.l(rt_ctype_table.o)
    0x08000e38   0x08000e38   0x0000008a   Code   RO         4651    .text               c_w.l(lludiv10.o)
    0x08000ec2   0x08000ec2   0x0000041e   Code   RO         4653    .text               c_w.l(_printf_fp_dec.o)
    0x080012e0   0x080012e0   0x0000002c   Code   RO         4657    .text               c_w.l(_printf_wchar.o)
    0x0800130c   0x0800130c   0x0000009e   Code   RO         4659    .text               c_w.l(_strtoul.o)
    0x080013aa   0x080013aa   0x00000008   Code   RO         4661    .text               c_w.l(ferror.o)
    0x080013b2   0x080013b2   0x00000040   Code   RO         4665    .text               c_w.l(_wcrtomb.o)
    0x080013f2   0x080013f2   0x00000020   Code   RO         4667    .text               c_w.l(strcspn.o)
    0x08001412   0x08001412   0x0000001c   Code   RO         4669    .text               c_w.l(strspn.o)
    0x0800142e   0x0800142e   0x0000004a   Code   RO         4671    .text               c_w.l(sys_stackheap_outer.o)
    0x08001478   0x08001478   0x00000008   Code   RO         4676    .text               c_w.l(rt_locale_intlibspace.o)
    0x08001480   0x08001480   0x00000080   Code   RO         4678    .text               c_w.l(_printf_fp_infnan.o)
    0x08001500   0x08001500   0x0000001c   Code   RO         4680    .text               c_w.l(_chval.o)
    0x0800151c   0x0800151c   0x000000e4   Code   RO         4682    .text               c_w.l(bigflt0.o)
    0x08001600   0x08001600   0x00000012   Code   RO         4713    .text               c_w.l(exit.o)
    0x08001612   0x08001612   0x00000002   PAD
    0x08001614   0x08001614   0x00000080   Code   RO         4728    .text               c_w.l(strcmpv7m.o)
    0x08001694   0x08001694   0x0000003e   Code   RO         4685    CL$$btod_d2e        c_w.l(btod.o)
    0x080016d2   0x080016d2   0x00000046   Code   RO         4687    CL$$btod_d2e_denorm_low  c_w.l(btod.o)
    0x08001718   0x08001718   0x00000060   Code   RO         4686    CL$$btod_d2e_norm_op1  c_w.l(btod.o)
    0x08001778   0x08001778   0x00000338   Code   RO         4695    CL$$btod_div_common  c_w.l(btod.o)
    0x08001ab0   0x08001ab0   0x000000dc   Code   RO         4692    CL$$btod_e2e        c_w.l(btod.o)
    0x08001b8c   0x08001b8c   0x0000002a   Code   RO         4689    CL$$btod_ediv       c_w.l(btod.o)
    0x08001bb6   0x08001bb6   0x0000002a   Code   RO         4688    CL$$btod_emul       c_w.l(btod.o)
    0x08001be0   0x08001be0   0x00000244   Code   RO         4694    CL$$btod_mult_common  c_w.l(btod.o)
    0x08001e24   0x08001e24   0x00000002   Code   RO          276    i.BusFault_Handler  stm32f4xx_it.o
    0x08001e26   0x08001e26   0x00000002   Code   RO          277    i.DebugMon_Handler  stm32f4xx_it.o
    0x08001e28   0x08001e28   0x00000034   Code   RO          555    i.FindFontIndex     oled.o
    0x08001e5c   0x08001e5c   0x00000078   Code   RO         1298    i.GPIO_Init         stm32f4xx_gpio.o
    0x08001ed4   0x08001ed4   0x00000020   Code   RO         1299    i.GPIO_PinAFConfig  stm32f4xx_gpio.o
    0x08001ef4   0x08001ef4   0x00000004   Code   RO         1306    i.GPIO_SetBits      stm32f4xx_gpio.o
    0x08001ef8   0x08001ef8   0x00000002   Code   RO          278    i.HardFault_Handler  stm32f4xx_it.o
    0x08001efa   0x08001efa   0x00000002   PAD
    0x08001efc   0x08001efc   0x0000003c   Code   RO          556    i.IIC_Start         oled.o
    0x08001f38   0x08001f38   0x00000030   Code   RO          557    i.IIC_Stop          oled.o
    0x08001f68   0x08001f68   0x00000024   Code   RO          558    i.IIC_Wait_Ack      oled.o
    0x08001f8c   0x08001f8c   0x00000040   Code   RO          467    i.LED_Init          led.o
    0x08001fcc   0x08001fcc   0x00000002   Code   RO          279    i.MemManage_Handler  stm32f4xx_it.o
    0x08001fce   0x08001fce   0x00000002   Code   RO          280    i.NMI_Handler       stm32f4xx_it.o
    0x08001fd0   0x08001fd0   0x00000064   Code   RO         1253    i.NVIC_Init         misc.o
    0x08002034   0x08002034   0x00000014   Code   RO         1254    i.NVIC_PriorityGroupConfig  misc.o
    0x08002048   0x08002048   0x0000003a   Code   RO          559    i.OLED_Clear        oled.o
    0x08002082   0x08002082   0x00000042   Code   RO          562    i.OLED_DrawBMP      oled.o
    0x080020c4   0x080020c4   0x00000144   Code   RO          564    i.OLED_Init         oled.o
    0x08002208   0x08002208   0x0000002a   Code   RO          566    i.OLED_Set_Pos      oled.o
    0x08002232   0x08002232   0x00000002   PAD
    0x08002234   0x08002234   0x0000004c   Code   RO          567    i.OLED_ShowCHinese  oled.o
    0x08002280   0x08002280   0x0000000c   Code   RO          572    i.OLED_WR_Byte      oled.o
    0x0800228c   0x0800228c   0x00000018   Code   RO         1395    i.RCC_AHB1PeriphClockCmd  stm32f4xx_rcc.o
    0x080022a4   0x080022a4   0x00000018   Code   RO         1404    i.RCC_APB1PeriphClockCmd  stm32f4xx_rcc.o
    0x080022bc   0x080022bc   0x00000018   Code   RO         1407    i.RCC_APB2PeriphClockCmd  stm32f4xx_rcc.o
    0x080022d4   0x080022d4   0x00000090   Code   RO         1416    i.RCC_GetClocksFreq  stm32f4xx_rcc.o
    0x08002364   0x08002364   0x000000d4   Code   RO          799    i.Servo_Init        servo.o
    0x08002438   0x08002438   0x00000024   Code   RO          800    i.Servo_SetAngle1   servo.o
    0x0800245c   0x0800245c   0x00000024   Code   RO          801    i.Servo_SetAngle2   servo.o
    0x08002480   0x08002480   0x00000024   Code   RO          802    i.Servo_SetAngle3   servo.o
    0x080024a4   0x080024a4   0x000000b4   Code   RO          430    i.SetSysClock       system_stm32f4xx.o
    0x08002558   0x08002558   0x0000002c   Code   RO         4313    i.SysTick_Handler   port.o
    0x08002584   0x08002584   0x0000005c   Code   RO          432    i.SystemInit        system_stm32f4xx.o
    0x080025e0   0x080025e0   0x00000014   Code   RO         2699    i.TIM_ARRPreloadConfig  stm32f4xx_tim.o
    0x080025f4   0x080025f4   0x00000014   Code   RO         2711    i.TIM_Cmd           stm32f4xx_tim.o
    0x08002608   0x08002608   0x00000080   Code   RO         2745    i.TIM_OC2Init       stm32f4xx_tim.o
    0x08002688   0x08002688   0x00000014   Code   RO         2748    i.TIM_OC2PreloadConfig  stm32f4xx_tim.o
    0x0800269c   0x0800269c   0x0000007c   Code   RO         2750    i.TIM_OC3Init       stm32f4xx_tim.o
    0x08002718   0x08002718   0x0000000c   Code   RO         2753    i.TIM_OC3PreloadConfig  stm32f4xx_tim.o
    0x08002724   0x08002724   0x00000060   Code   RO         2755    i.TIM_OC4Init       stm32f4xx_tim.o
    0x08002784   0x08002784   0x00000014   Code   RO         2757    i.TIM_OC4PreloadConfig  stm32f4xx_tim.o
    0x08002798   0x08002798   0x00000004   Code   RO         2774    i.TIM_SetCompare2   stm32f4xx_tim.o
    0x0800279c   0x0800279c   0x00000004   Code   RO         2775    i.TIM_SetCompare3   stm32f4xx_tim.o
    0x080027a0   0x080027a0   0x00000004   Code   RO         2776    i.TIM_SetCompare4   stm32f4xx_tim.o
    0x080027a4   0x080027a4   0x0000007c   Code   RO         2783    i.TIM_TimeBaseInit  stm32f4xx_tim.o
    0x08002820   0x08002820   0x0000009c   Code   RO         1154    i.USART1_IRQHandler  usart.o
    0x080028bc   0x080028bc   0x0000009c   Code   RO         1155    i.USART3_IRQHandler  usart.o
    0x08002958   0x08002958   0x0000000c   Code   RO         1730    i.USART_ClearITPendingBit  stm32f4xx_usart.o
    0x08002964   0x08002964   0x00000014   Code   RO         1733    i.USART_Cmd         stm32f4xx_usart.o
    0x08002978   0x08002978   0x0000000e   Code   RO         1736    i.USART_GetFlagStatus  stm32f4xx_usart.o
    0x08002986   0x08002986   0x0000003e   Code   RO         1737    i.USART_GetITStatus  stm32f4xx_usart.o
    0x080029c4   0x080029c4   0x00000030   Code   RO         1739    i.USART_ITConfig    stm32f4xx_usart.o
    0x080029f4   0x080029f4   0x000000ac   Code   RO         1740    i.USART_Init        stm32f4xx_usart.o
    0x08002aa0   0x08002aa0   0x00000008   Code   RO         1747    i.USART_ReceiveData  stm32f4xx_usart.o
    0x08002aa8   0x08002aa8   0x00000008   Code   RO         1750    i.USART_SendData    stm32f4xx_usart.o
    0x08002ab0   0x08002ab0   0x00000002   Code   RO          281    i.UsageFault_Handler  stm32f4xx_it.o
    0x08002ab2   0x08002ab2   0x00000002   PAD
    0x08002ab4   0x08002ab4   0x00000060   Code   RO          573    i.Write_IIC_Byte    oled.o
    0x08002b14   0x08002b14   0x0000002e   Code   RO          574    i.Write_IIC_Command  oled.o
    0x08002b42   0x08002b42   0x0000002e   Code   RO          575    i.Write_IIC_Data    oled.o
    0x08002b70   0x08002b70   0x00000030   Code   RO         4724    i.__ARM_fpclassify  m_wm.l(fpclassify.o)
    0x08002ba0   0x08002ba0   0x0000000e   Code   RO         4508    i._is_digit         c_w.l(__printf_wp.o)
    0x08002bae   0x08002bae   0x00000002   Code   RO         1156    i._sys_exit         usart.o
    0x08002bb0   0x08002bb0   0x00000004   Code   RO         1080    i.delay_ms          delay.o
    0x08002bb4   0x08002bb4   0x00000050   Code   RO         1081    i.delay_us          delay.o
    0x08002c04   0x08002c04   0x00000048   Code   RO          976    i.eeprom_i2c_recv_byte  at24c02.o
    0x08002c4c   0x08002c4c   0x00000050   Code   RO          977    i.eeprom_i2c_send_ack  at24c02.o
    0x08002c9c   0x08002c9c   0x00000058   Code   RO          978    i.eeprom_i2c_send_byte  at24c02.o
    0x08002cf4   0x08002cf4   0x00000030   Code   RO          979    i.eeprom_i2c_start  at24c02.o
    0x08002d24   0x08002d24   0x00000030   Code   RO          980    i.eeprom_i2c_stop   at24c02.o
    0x08002d54   0x08002d54   0x00000034   Code   RO          981    i.eeprom_i2c_wait_ack  at24c02.o
    0x08002d88   0x08002d88   0x00000040   Code   RO          982    i.eeprom_init       at24c02.o
    0x08002dc8   0x08002dc8   0x000000c4   Code   RO          983    i.eeprom_page_write  at24c02.o
    0x08002e8c   0x08002e8c   0x000000cc   Code   RO          984    i.eeprom_read       at24c02.o
    0x08002f58   0x08002f58   0x0000002c   Code   RO          985    i.eeprom_sda_pin_mode  at24c02.o
    0x08002f84   0x08002f84   0x00000014   Code   RO         1157    i.fputc             usart.o
    0x08002f98   0x08002f98   0x00000074   Code   RO          840    i.get_distance      sr04.o
    0x0800300c   0x0800300c   0x0000002e   Code   RO            3    i.hardware_init     main.o
    0x0800303a   0x0800303a   0x00000002   PAD
    0x0800303c   0x0800303c   0x0000003c   Code   RO            4    i.main              main.o
    0x08003078   0x08003078   0x00000024   Code   RO          578    i.oled_fill         oled.o
    0x0800309c   0x0800309c   0x00000054   Code   RO          580    i.oled_show_string  oled.o
    0x080030f0   0x080030f0   0x00000026   Code   RO          581    i.oled_show_string_fmt  oled.o
    0x08003116   0x08003116   0x00000002   PAD
    0x08003118   0x08003118   0x00000034   Code   RO            5    i.parse_num_from_str  main.o
    0x0800314c   0x0800314c   0x00000070   Code   RO         3791    i.prvAddCurrentTaskToDelayedList  tasks.o
    0x080031bc   0x080031bc   0x000000d4   Code   RO         3792    i.prvAddNewTaskToReadyList  tasks.o
    0x08003290   0x08003290   0x00000050   Code   RO         4124    i.prvCheckForValidListAndQueue  timers.o
    0x080032e0   0x080032e0   0x00000026   Code   RO         3408    i.prvCopyDataFromQueue  queue.o
    0x08003306   0x08003306   0x0000006c   Code   RO         3409    i.prvCopyDataToQueue  queue.o
    0x08003372   0x08003372   0x00000014   Code   RO         3793    i.prvDeleteTCB      tasks.o
    0x08003386   0x08003386   0x00000002   PAD
    0x08003388   0x08003388   0x0000004c   Code   RO         4263    i.prvHeapInit       heap_4.o
    0x080033d4   0x080033d4   0x00000060   Code   RO         3794    i.prvIdleTask       tasks.o
    0x08003434   0x08003434   0x0000009c   Code   RO         3795    i.prvInitialiseNewTask  tasks.o
    0x080034d0   0x080034d0   0x0000004c   Code   RO         4264    i.prvInsertBlockIntoFreeList  heap_4.o
    0x0800351c   0x0800351c   0x00000038   Code   RO         4125    i.prvInsertTimerInActiveList  timers.o
    0x08003554   0x08003554   0x0000001a   Code   RO         3410    i.prvIsQueueEmpty   queue.o
    0x0800356e   0x0800356e   0x0000006c   Code   RO         3411    i.prvNotifyQueueSetContainer  queue.o
    0x080035da   0x080035da   0x00000002   PAD
    0x080035dc   0x080035dc   0x000000c4   Code   RO         4126    i.prvProcessReceivedCommands  timers.o
    0x080036a0   0x080036a0   0x000000b4   Code   RO         4127    i.prvProcessTimerOrBlockTask  timers.o
    0x08003754   0x08003754   0x00000020   Code   RO         3797    i.prvResetNextTaskUnblockTime  tasks.o
    0x08003774   0x08003774   0x00000028   Code   RO         4128    i.prvSampleTimeNow  timers.o
    0x0800379c   0x0800379c   0x0000006c   Code   RO         4129    i.prvSwitchTimerLists  timers.o
    0x08003808   0x08003808   0x00000028   Code   RO         4314    i.prvTaskExitError  port.o
    0x08003830   0x08003830   0x00000028   Code   RO         4130    i.prvTimerTask      timers.o
    0x08003858   0x08003858   0x00000078   Code   RO         3412    i.prvUnlockQueue    queue.o
    0x080038d0   0x080038d0   0x000000dc   Code   RO         4265    i.pvPortMalloc      heap_4.o
    0x080039ac   0x080039ac   0x00000018   Code   RO         3799    i.pvTaskIncrementMutexHeldCount  tasks.o
    0x080039c4   0x080039c4   0x0000002c   Code   RO         4315    i.pxPortInitialiseStack  port.o
    0x080039f0   0x080039f0   0x00000054   Code   RO          841    i.sr04_init         sr04.o
    0x08003a44   0x08003a44   0x00000008   Code   RO         1051    i.syn6288_init      syn6288.o
    0x08003a4c   0x08003a4c   0x0000007e   Code   RO         1052    i.syn6288_speak_gbk  syn6288.o
    0x08003aca   0x08003aca   0x0000000c   Code   RO            6    i.task_eeprom       main.o
    0x08003ad6   0x08003ad6   0x00000002   PAD
    0x08003ad8   0x08003ad8   0x00000090   Code   RO            7    i.task_oled         main.o
    0x08003b68   0x08003b68   0x00000040   Code   RO            8    i.task_servo        main.o
    0x08003ba8   0x08003ba8   0x00000088   Code   RO            9    i.task_sr04         main.o
    0x08003c30   0x08003c30   0x00000144   Code   RO           10    i.task_start        main.o
    0x08003d74   0x08003d74   0x00000378   Code   RO           11    i.task_usart        main.o
    0x080040ec   0x080040ec   0x00000084   Code   RO         1158    i.uart2_init        usart.o
    0x08004170   0x08004170   0x00000024   Code   RO         1160    i.uart2_send_data   usart.o
    0x08004194   0x08004194   0x000000bc   Code   RO         1161    i.uart3_init        usart.o
    0x08004250   0x08004250   0x000000bc   Code   RO         1162    i.uart_init         usart.o
    0x0800430c   0x0800430c   0x00000026   Code   RO         3368    i.uxListRemove      list.o
    0x08004332   0x08004332   0x00000002   Code   RO           12    i.vApplicationIdleHook  main.o
    0x08004334   0x08004334   0x00000010   Code   RO           13    i.vApplicationMallocFailedHook  main.o
    0x08004344   0x08004344   0x00000010   Code   RO           14    i.vApplicationStackOverflowHook  main.o
    0x08004354   0x08004354   0x00000002   Code   RO           15    i.vApplicationTickHook  main.o
    0x08004356   0x08004356   0x00000016   Code   RO         3369    i.vListInitialise   list.o
    0x0800436c   0x0800436c   0x00000006   Code   RO         3370    i.vListInitialiseItem  list.o
    0x08004372   0x08004372   0x00000030   Code   RO         3371    i.vListInsert       list.o
    0x080043a2   0x080043a2   0x00000018   Code   RO         3372    i.vListInsertEnd    list.o
    0x080043ba   0x080043ba   0x00000002   PAD
    0x080043bc   0x080043bc   0x00000040   Code   RO         4317    i.vPortEnterCritical  port.o
    0x080043fc   0x080043fc   0x00000028   Code   RO         4318    i.vPortExitCritical  port.o
    0x08004424   0x08004424   0x0000005c   Code   RO         4266    i.vPortFree         heap_4.o
    0x08004480   0x08004480   0x00000024   Code   RO         4319    i.vPortSetupTimerInterrupt  port.o
    0x080044a4   0x080044a4   0x00000054   Code   RO         4320    i.vPortValidateInterruptPriority  port.o
    0x080044f8   0x080044f8   0x00000024   Code   RO         3418    i.vQueueAddToRegistry  queue.o
    0x0800451c   0x0800451c   0x00000044   Code   RO         3422    i.vQueueWaitForMessageRestricted  queue.o
    0x08004560   0x08004560   0x0000004c   Code   RO         3807    i.vTaskDelay        tasks.o
    0x080045ac   0x080045ac   0x000000ac   Code   RO         3809    i.vTaskDelete       tasks.o
    0x08004658   0x08004658   0x00000010   Code   RO         3812    i.vTaskInternalSetTimeOutState  tasks.o
    0x08004668   0x08004668   0x0000000c   Code   RO         3813    i.vTaskMissedYield  tasks.o
    0x08004674   0x08004674   0x00000030   Code   RO         3815    i.vTaskPlaceOnEventList  tasks.o
    0x080046a4   0x080046a4   0x00000038   Code   RO         3816    i.vTaskPlaceOnEventListRestricted  tasks.o
    0x080046dc   0x080046dc   0x000000ac   Code   RO         3818    i.vTaskPriorityDisinheritAfterTimeout  tasks.o
    0x08004788   0x08004788   0x00000070   Code   RO         3824    i.vTaskStartScheduler  tasks.o
    0x080047f8   0x080047f8   0x00000010   Code   RO         3826    i.vTaskSuspendAll   tasks.o
    0x08004808   0x08004808   0x00000088   Code   RO         3827    i.vTaskSwitchContext  tasks.o
    0x08004890   0x08004890   0x000000f4   Code   RO         4321    i.xPortStartScheduler  port.o
    0x08004984   0x08004984   0x00000024   Code   RO         3425    i.xQueueCreateMutex  queue.o
    0x080049a8   0x080049a8   0x00000056   Code   RO         3427    i.xQueueGenericCreate  queue.o
    0x080049fe   0x080049fe   0x00000002   PAD
    0x08004a00   0x08004a00   0x00000088   Code   RO         3428    i.xQueueGenericReset  queue.o
    0x08004a88   0x08004a88   0x00000174   Code   RO         3429    i.xQueueGenericSend  queue.o
    0x08004bfc   0x08004bfc   0x000000ca   Code   RO         3430    i.xQueueGenericSendFromISR  queue.o
    0x08004cc6   0x08004cc6   0x00000002   PAD
    0x08004cc8   0x08004cc8   0x00000138   Code   RO         3437    i.xQueueReceive     queue.o
    0x08004e00   0x08004e00   0x00000178   Code   RO         3442    i.xQueueSemaphoreTake  queue.o
    0x08004f78   0x08004f78   0x00000074   Code   RO         3828    i.xTaskCheckForTimeOut  tasks.o
    0x08004fec   0x08004fec   0x00000056   Code   RO         3829    i.xTaskCreate       tasks.o
    0x08005042   0x08005042   0x00000002   PAD
    0x08005044   0x08005044   0x0000001c   Code   RO         3833    i.xTaskGetSchedulerState  tasks.o
    0x08005060   0x08005060   0x0000000c   Code   RO         3834    i.xTaskGetTickCount  tasks.o
    0x0800506c   0x0800506c   0x000000c0   Code   RO         3836    i.xTaskIncrementTick  tasks.o
    0x0800512c   0x0800512c   0x00000098   Code   RO         3839    i.xTaskPriorityDisinherit  tasks.o
    0x080051c4   0x080051c4   0x00000094   Code   RO         3840    i.xTaskPriorityInherit  tasks.o
    0x08005258   0x08005258   0x00000074   Code   RO         3841    i.xTaskRemoveFromEventList  tasks.o
    0x080052cc   0x080052cc   0x000000c4   Code   RO         3842    i.xTaskResumeAll    tasks.o
    0x08005390   0x08005390   0x0000004c   Code   RO         4136    i.xTimerCreateTimerTask  timers.o
    0x080053dc   0x080053dc   0x00000064   Code   RO         4137    i.xTimerGenericCommand  timers.o
    0x08005440   0x08005440   0x0000002c   Code   RO         4708    locale$$code        c_w.l(lc_ctype_c.o)
    0x0800546c   0x0800546c   0x0000002c   Code   RO         4711    locale$$code        c_w.l(lc_numeric_c.o)
    0x08005498   0x08005498   0x0000000a   Code   RO         4784    x$fpl$fpinit        fz_wm.l(fpinit.o)
    0x080054a2   0x080054a2   0x00000004   Code   RO         4629    x$fpl$printf1       fz_wm.l(printf1.o)
    0x080054a6   0x080054a6   0x00000000   Code   RO         4723    x$fpl$usenofp       fz_wm.l(usenofp.o)
    0x080054a6   0x080054a6   0x00000002   PAD
    0x080054a8   0x080054a8   0x000000f0   Data   RO           16    .constdata          main.o
    0x08005598   0x08005598   0x00001380   Data   RO         4389    .constdata          fontdotmatrix16.o
    0x08006918   0x08006918   0x00000080   Data   RO         4398    .constdata          dog_frame_0.o
    0x08006998   0x08006998   0x00000080   Data   RO         4405    .constdata          dog_frame_1.o
    0x08006a18   0x08006a18   0x00000080   Data   RO         4412    .constdata          dog_frame_2.o
    0x08006a98   0x08006a98   0x00000080   Data   RO         4419    .constdata          dog_frame_3.o
    0x08006b18   0x08006b18   0x00000080   Data   RO         4426    .constdata          dog_frame_4.o
    0x08006b98   0x08006b98   0x00000080   Data   RO         4433    .constdata          dog_frame_5.o
    0x08006c18   0x08006c18   0x00000080   Data   RO         4440    .constdata          dog_frame_6.o
    0x08006c98   0x08006c98   0x00000080   Data   RO         4447    .constdata          dog_frame_7.o
    0x08006d18   0x08006d18   0x00000080   Data   RO         4454    .constdata          dog_frame_8.o
    0x08006d98   0x08006d98   0x00000080   Data   RO         4461    .constdata          dog_frame_9.o
    0x08006e18   0x08006e18   0x00000080   Data   RO         4468    .constdata          dog_frame_10.o
    0x08006e98   0x08006e98   0x00000080   Data   RO         4475    .constdata          dog_frame_11.o
    0x08006f18   0x08006f18   0x00000011   Data   RO         4516    .constdata          c_w.l(__printf_flags_ss_wp.o)
    0x08006f29   0x08006f29   0x00000003   PAD
    0x08006f2c   0x08006f2c   0x00000008   Data   RO         4571    .constdata          c_w.l(_printf_wctomb.o)
    0x08006f34   0x08006f34   0x00000028   Data   RO         4600    .constdata          c_w.l(_printf_hex_int_ll_ptr.o)
    0x08006f5c   0x08006f5c   0x00000094   Data   RO         4683    .constdata          c_w.l(bigflt0.o)
    0x08006ff0   0x08006ff0   0x00000098   Data   RO           17    .conststring        main.o
    0x08007088   0x08007088   0x00000263   Data   RO         4390    .conststring        fontdotmatrix16.o
    0x080072eb   0x080072eb   0x00000001   PAD
    0x080072ec   0x080072ec   0x00000020   Data   RO         4848    Region$$Table       anon$$obj.o
    0x0800730c   0x0800730c   0x00000110   Data   RO         4707    locale$$data        c_w.l(lc_ctype_c.o)
    0x0800741c   0x0800741c   0x0000001c   Data   RO         4710    locale$$data        c_w.l(lc_numeric_c.o)


    Execution Region RW_IRAM1 (Exec base: 0x20000000, Load base: 0x08007438, Size: 0x00010b88, Max: 0x00020000, ABSOLUTE, COMPRESSED[0x000001f0])

    Exec Addr    Load Addr    Size         Type   Attr      Idx    E Section Name        Object

    0x20000000   COMPRESSED   0x00000040   Data   RW           18    .data               main.o
    0x20000040   COMPRESSED   0x00000014   Data   RW          433    .data               system_stm32f4xx.o
    0x20000054   COMPRESSED   0x00000004   Data   RW         1164    .data               usart.o
    0x20000058   COMPRESSED   0x00000004   Data   RW         1165    .data               usart.o
    0x2000005c   COMPRESSED   0x00000010   Data   RW         1448    .data               stm32f4xx_rcc.o
    0x2000006c   COMPRESSED   0x0000003c   Data   RW         3845    .data               tasks.o
    0x200000a8   COMPRESSED   0x00000014   Data   RW         4145    .data               timers.o
    0x200000bc   COMPRESSED   0x00000018   Data   RW         4271    .data               heap_4.o
    0x200000d4   COMPRESSED   0x0000000c   Data   RW         4322    .data               port.o
    0x200000e0   COMPRESSED   0x00000270   Data   RW         4391    .data               fontdotmatrix16.o
    0x20000350   COMPRESSED   0x00000004   Data   RW         4524    .data               c_w.l(strtok.o)
    0x20000354        -       0x00000040   Zero   RW         1163    .bss                usart.o
    0x20000394        -       0x00000040   Zero   RW         3444    .bss                queue.o
    0x200003d4        -       0x0000012c   Zero   RW         3844    .bss                tasks.o
    0x20000500        -       0x00000028   Zero   RW         4144    .bss                timers.o
    0x20000528        -       0x00010000   Zero   RW         4270    .bss                heap_4.o
    0x20010528        -       0x00000060   Zero   RW         4632    .bss                c_w.l(libspace.o)
    0x20010588        -       0x00000200   Zero   RW         1245    HEAP                startup_stm32f40_41xxx.o
    0x20010788        -       0x00000400   Zero   RW         1244    STACK               startup_stm32f40_41xxx.o


==============================================================================

Image component sizes


      Code (inc. data)   RO Data    RW Data    ZI Data      Debug   Object Name

       896        196          0          0          0       7173   at24c02.o
        84          8          0          0          0       8714   delay.o
         0          0        128          0          0        560   dog_frame_0.o
         0          0        128          0          0        560   dog_frame_1.o
         0          0        128          0          0        565   dog_frame_10.o
         0          0        128          0          0        565   dog_frame_11.o
         0          0        128          0          0        560   dog_frame_2.o
         0          0        128          0          0        560   dog_frame_3.o
         0          0        128          0          0        560   dog_frame_4.o
         0          0        128          0          0        560   dog_frame_5.o
         0          0        128          0          0        560   dog_frame_6.o
         0          0        128          0          0        560   dog_frame_7.o
         0          0        128          0          0        560   dog_frame_8.o
         0          0        128          0          0        560   dog_frame_9.o
         0          0          0          0          0      10496   event_groups.o
         0          0       5603        624          0        638   fontdotmatrix16.o
       464         22          0         24      65536       4631   heap_4.o
        64          6          0          0          0     229855   led.o
       138          0          0          0          0       3566   list.o
      1762        484        392         64          0     269634   main.o
       120         14          0          0          0       1699   misc.o
      1120         58          0          0          0      14018   oled.o
       786         80          0         12          0      11501   port.o
      2024         20          0          0         64      19892   queue.o
       320         22          0          0          0       2515   servo.o
       200         22          0          0          0     235871   sr04.o
        64         26        392          0       1536        876   startup_stm32f40_41xxx.o
       156          0          0          0          0       2530   stm32f4xx_gpio.o
        12          0          0          0          0      51121   stm32f4xx_it.o
       216         30          0         16          0       5031   stm32f4xx_rcc.o
       576         52          0          0          0      10100   stm32f4xx_tim.o
       344          8          0          0          0       6743   stm32f4xx_usart.o
       134          0          0          0          0       1987   syn6288.o
       272         36          0         20          0       1977   system_stm32f4xx.o
      2514        202          0         60        300      25587   tasks.o
       876         84          0         20         40      17731   timers.o
       878         86          0          8         64       9824   usart.o

    ----------------------------------------------------------------------
     14046       1456       7956        848      67540     960440   Object Totals
         0          0         32          0          0          0   (incl. Generated)
        26          0          1          0          0          0   (incl. Padding)

    ----------------------------------------------------------------------

      Code (inc. data)   RO Data    RW Data    ZI Data      Debug   Library Member Name

        24          4          0          0          0         84   __2printf.o
        90          0          0          0          0          0   __dczerorl2.o
         8          0          0          0          0         68   __main.o
       392          4         17          0          0         92   __printf_flags_ss_wp.o
        14          0          0          0          0         68   __printf_wp.o
         0          0          0          0          0          0   __rtentry.o
        12          0          0          0          0          0   __rtentry2.o
         6          0          0          0          0          0   __rtentry4.o
        52          8          0          0          0          0   __scatter.o
        28          0          0          0          0          0   __scatter_zi.o
        28          0          0          0          0         68   _chval.o
         6          0          0          0          0          0   _printf_a.o
         6          0          0          0          0          0   _printf_c.o
        44          0          0          0          0        108   _printf_char.o
        48          6          0          0          0         96   _printf_char_common.o
        36          4          0          0          0         80   _printf_char_file.o
        40          0          0          0          0         68   _printf_charcount.o
         6          0          0          0          0          0   _printf_d.o
       120         16          0          0          0         92   _printf_dec.o
         6          0          0          0          0          0   _printf_e.o
         6          0          0          0          0          0   _printf_f.o
      1054          0          0          0          0        216   _printf_fp_dec.o
       128         16          0          0          0         84   _printf_fp_infnan.o
         6          0          0          0          0          0   _printf_g.o
       148          4         40          0          0        160   _printf_hex_int_ll_ptr.o
         6          0          0          0          0          0   _printf_i.o
       178          0          0          0          0         88   _printf_intcommon.o
        10          0          0          0          0          0   _printf_l.o
         6          0          0          0          0          0   _printf_lc.o
        10          0          0          0          0          0   _printf_ll.o
         6          0          0          0          0          0   _printf_lld.o
         6          0          0          0          0          0   _printf_lli.o
         6          0          0          0          0          0   _printf_llo.o
         6          0          0          0          0          0   _printf_llu.o
         6          0          0          0          0          0   _printf_llx.o
       124         16          0          0          0         92   _printf_longlong_dec.o
         6          0          0          0          0          0   _printf_ls.o
         6          0          0          0          0          0   _printf_n.o
         6          0          0          0          0          0   _printf_o.o
       112         10          0          0          0        124   _printf_oct_int_ll.o
         6          0          0          0          0          0   _printf_p.o
        78          0          0          0          0        108   _printf_pad.o
         0          0          0          0          0          0   _printf_percent.o
         4          0          0          0          0          0   _printf_percent_end.o
         6          0          0          0          0          0   _printf_s.o
        82          0          0          0          0         80   _printf_str.o
        36          0          0          0          0         84   _printf_truncate.o
         6          0          0          0          0          0   _printf_u.o
        44          0          0          0          0        108   _printf_wchar.o
       188          6          8          0          0         92   _printf_wctomb.o
         6          0          0          0          0          0   _printf_x.o
        10          0          0          0          0         68   _sputc.o
       158          0          0          0          0         92   _strtoul.o
        64          0          0          0          0         92   _wcrtomb.o
        16          0          0          0          0         68   aeabi_memset.o
        26          0          0          0          0         80   atoi.o
       228          4        148          0          0         96   bigflt0.o
      1936        128          0          0          0        672   btod.o
        36          4          0          0          0         76   c89vsprintf.o
        18          0          0          0          0         80   exit.o
         8          0          0          0          0         68   ferror.o
         6          0          0          0          0        152   heapauxi.o
        44         10        272          0          0         76   lc_ctype_c.o
        44         10         28          0          0         76   lc_numeric_c.o
         2          0          0          0          0          0   libinit.o
        34          0          0          0          0          0   libinit2.o
         2          0          0          0          0          0   libshutdown.o
         2          0          0          0          0          0   libshutdown2.o
         8          4          0          0         96         68   libspace.o
       138          0          0          0          0         80   lludiv10.o
        16          4          0          0          0         76   rt_ctype_table.o
         8          4          0          0          0         68   rt_errno_addr_intlibspace.o
         8          4          0          0          0         68   rt_locale_intlibspace.o
        68          0          0          0          0         68   rt_memclr.o
        78          0          0          0          0         80   rt_memclr_w.o
       138          0          0          0          0         68   rt_memcpy_v6.o
       100          0          0          0          0         80   rt_memcpy_w.o
         2          0          0          0          0          0   rtexit.o
        10          0          0          0          0          0   rtexit2.o
        20          0          0          0          0         68   strchr.o
       128          0          0          0          0         68   strcmpv7m.o
        32          0          0          0          0         80   strcspn.o
        62          0          0          0          0         76   strlen.o
       150          0          0          0          0         80   strncmp.o
        28          0          0          0          0         80   strspn.o
        12          6          0          4          0         68   strtok.o
        68          4          0          0          0         84   strtok_int.o
       112          0          0          0          0         88   strtol.o
        74          0          0          0          0         80   sys_stackheap_outer.o
         2          0          0          0          0         68   use_no_semi.o
         2          0          0          0          0         68   use_no_semi_2.o
        10          0          0          0          0        116   fpinit.o
         4          0          0          0          0        116   printf1.o
         0          0          0          0          0          0   usenofp.o
        48          0          0          0          0        124   fpclassify.o

    ----------------------------------------------------------------------
      7234        276        516          4         96       5676   Library Totals
        16          0          3          0          0          0   (incl. Padding)

    ----------------------------------------------------------------------

      Code (inc. data)   RO Data    RW Data    ZI Data      Debug   Library Name

      7156        276        513          4         96       5320   c_w.l
        14          0          0          0          0        232   fz_wm.l
        48          0          0          0          0        124   m_wm.l

    ----------------------------------------------------------------------
      7234        276        516          4         96       5676   Library Totals

    ----------------------------------------------------------------------

==============================================================================


      Code (inc. data)   RO Data    RW Data    ZI Data      Debug   

     21280       1732       8472        852      67636     947348   Grand Totals
     21280       1732       8472        496      67636     947348   ELF Image Totals (compressed)
     21280       1732       8472        496          0          0   ROM Totals

==============================================================================

    Total RO  Size (Code + RO Data)                29752 (  29.05kB)
    Total RW  Size (RW Data + ZI Data)             68488 (  66.88kB)
    Total ROM Size (Code + RO Data + RW Data)      30248 (  29.54kB)

==============================================================================

